Component: ARM Compiler 5.06 update 6 (build 750) Tool: armlink [4d35ed]

==============================================================================

Section Cross References

    main.o(i.AppTaskCreate) refers to rtx_thread.o(i.osThreadNew) for osThreadNew
    main.o(i.AppTaskCreate) refers to main.o(.constdata) for ThreadLED_Attr
    main.o(i.AppTaskCreate) refers to main.o(i.AppTaskLED) for AppTaskLED
    main.o(i.AppTaskCreate) refers to main.o(.data) for ThreadIdTaskLED
    main.o(i.AppTaskCreate) refers to main.o(i.AppTaskUserIF) for AppTaskUserIF
    main.o(i.AppTaskLED) refers to rtx_kernel.o(i.osKernelGetTickCount) for osKernelGetTickCount
    main.o(i.AppTaskLED) refers to bsp_led.o(i.bsp_LedToggle) for bsp_LedToggle
    main.o(i.AppTaskLED) refers to rtx_delay.o(i.osDelayUntil) for osDelayUntil
    main.o(i.AppTaskMsgPro) refers to bsp_led.o(i.bsp_LedToggle) for bsp_LedToggle
    main.o(i.AppTaskMsgPro) refers to rtx_delay.o(i.osDelay) for osDelay
    main.o(i.AppTaskStart) refers to stm32f4xx_hal_timebase_tim.o(i.HAL_ResumeTick) for HAL_ResumeTick
    main.o(i.AppTaskStart) refers to bsp.o(i.bsp_Init) for bsp_Init
    main.o(i.AppTaskStart) refers to rtx_thread.o(i.osThreadNew) for osThreadNew
    main.o(i.AppTaskStart) refers to main.o(i.OSStatInit) for OSStatInit
    main.o(i.AppTaskStart) refers to main.o(i.AppTaskCreate) for AppTaskCreate
    main.o(i.AppTaskStart) refers to rtx_kernel.o(i.osKernelGetTickCount) for osKernelGetTickCount
    main.o(i.AppTaskStart) refers to bsp_timer.o(i.SysTick_ISR) for SysTick_ISR
    main.o(i.AppTaskStart) refers to rtx_delay.o(i.osDelayUntil) for osDelayUntil
    main.o(i.AppTaskStart) refers to main.o(.constdata) for ThreadStatistic_Attr
    main.o(i.AppTaskStart) refers to main.o(i.AppTaskStatistic) for AppTaskStatistic
    main.o(i.AppTaskStart) refers to main.o(.data) for ThreadIdTaskStatistic
    main.o(i.AppTaskStatistic) refers to rtx_delay.o(i.osDelay) for osDelay
    main.o(i.AppTaskStatistic) refers to main.o(.data) for OSStatRdy
    main.o(i.AppTaskUserIF) refers to rtx_delay.o(i.osDelay) for osDelay
    main.o(i.AppTaskUserIF) refers to printf3.o(i.__0printf$3) for __2printf
    main.o(i.AppTaskUserIF) refers to bsp_key.o(i.bsp_GetKey) for bsp_GetKey
    main.o(i.AppTaskUserIF) refers to main.o(.CCM_RAM) for CCMCount
    main.o(i.OSStatInit) refers to rtx_delay.o(i.osDelay) for osDelay
    main.o(i.OSStatInit) refers to main.o(.data) for OSStatRdy
    main.o(i.main) refers to bsp.o(i.System_Init) for System_Init
    main.o(i.main) refers to stm32f4xx_hal_timebase_tim.o(i.HAL_SuspendTick) for HAL_SuspendTick
    main.o(i.main) refers to rtx_kernel.o(i.osKernelInitialize) for osKernelInitialize
    main.o(i.main) refers to rtx_thread.o(i.osThreadNew) for osThreadNew
    main.o(i.main) refers to rtx_kernel.o(i.osKernelStart) for osKernelStart
    main.o(i.main) refers to main.o(.constdata) for ThreadStart_Attr
    main.o(i.main) refers to main.o(i.AppTaskStart) for AppTaskStart
    main.o(i.main) refers to main.o(.data) for ThreadIdStart
    main.o(i.osRtxIdleThread) refers to main.o(.data) for OSIdleCtr
    main.o(.constdata) refers to main.o(.conststring) for .conststring
    bsp.o(i.SystemClock_Config) refers to memseta.o(.text) for __aeabi_memclr4
    bsp.o(i.SystemClock_Config) refers to stm32f4xx_hal_rcc.o(i.HAL_RCC_OscConfig) for HAL_RCC_OscConfig
    bsp.o(i.SystemClock_Config) refers to bsp.o(i.Error_Handler) for Error_Handler
    bsp.o(i.SystemClock_Config) refers to stm32f4xx_hal_rcc.o(i.HAL_RCC_ClockConfig) for HAL_RCC_ClockConfig
    bsp.o(i.SystemClock_Config) refers to stm32f4xx_hal.o(i.HAL_EnableCompensationCell) for HAL_EnableCompensationCell
    bsp.o(i.System_Init) refers to stm32f4xx_hal.o(i.HAL_Init) for HAL_Init
    bsp.o(i.System_Init) refers to bsp.o(i.SystemClock_Config) for SystemClock_Config
    bsp.o(i.System_Init) refers to eventrecorder.o(i.EventRecorderInitialize) for EventRecorderInitialize
    bsp.o(i.System_Init) refers to eventrecorder.o(i.EventRecorderStart) for EventRecorderStart
    bsp.o(i.bsp_Init) refers to bsp_key.o(i.bsp_InitKey) for bsp_InitKey
    bsp.o(i.bsp_Init) refers to bsp_timer.o(i.bsp_InitTimer) for bsp_InitTimer
    bsp.o(i.bsp_Init) refers to bsp_uart_fifo.o(i.bsp_InitUart) for bsp_InitUart
    bsp.o(i.bsp_Init) refers to bsp_led.o(i.bsp_InitLed) for bsp_InitLed
    bsp.o(i.bsp_RunPer10ms) refers to bsp_key.o(i.bsp_KeyScan10ms) for bsp_KeyScan10ms
    bsp_key.o(i.IsKeyDownFunc) refers to bsp_key.o(i.KeyPinActive) for KeyPinActive
    bsp_key.o(i.KeyPinActive) refers to bsp_key.o(.constdata) for s_gpio_list
    bsp_key.o(i.bsp_ClearKey) refers to bsp_key.o(.bss) for s_tKey
    bsp_key.o(i.bsp_DetectFastIO) refers to bsp_key.o(i.IsKeyDownFunc) for IsKeyDownFunc
    bsp_key.o(i.bsp_DetectFastIO) refers to bsp_key.o(i.bsp_PutKey) for bsp_PutKey
    bsp_key.o(i.bsp_DetectFastIO) refers to bsp_key.o(.bss) for s_tBtn
[...]
    i.osRtxTimerThread                       0x08004778   Section        0  rtx_timer.o(i.osRtxTimerThread)
    i.osRtxTimerTick                         0x080047c8   Section        0  rtx_timer.o(i.osRtxTimerTick)
    osRtxTimerTick                           0x080047c9   Thumb Code    88  rtx_timer.o(i.osRtxTimerTick)
    i.osThreadExit                           0x08004824   Section        0  rtx_thread.o(i.osThreadExit)
    i.osThreadNew                            0x08004844   Section        0  rtx_thread.o(i.osThreadNew)
    i.stdout_putchar                         0x08004890   Section        0  retarget_io.o(i.stdout_putchar)
    stdout_putchar                           0x08004891   Thumb Code    68  retarget_io.o(i.stdout_putchar)
    i.svcRtxDelay                            0x080048e0   Section        0  rtx_delay.o(i.svcRtxDelay)
    svcRtxDelay                              0x080048e1   Thumb Code    40  rtx_delay.o(i.svcRtxDelay)
    i.svcRtxDelayUntil                       0x0800490c   Section        0  rtx_delay.o(i.svcRtxDelayUntil)
    svcRtxDelayUntil                         0x0800490d   Thumb Code    66  rtx_delay.o(i.svcRtxDelayUntil)
    i.svcRtxKernelGetTickCount               0x08004954   Section        0  rtx_kernel.o(i.svcRtxKernelGetTickCount)
    svcRtxKernelGetTickCount                 0x08004955   Thumb Code    16  rtx_kernel.o(i.svcRtxKernelGetTickCount)
    i.svcRtxKernelInitialize                 0x08004968   Section        0  rtx_kernel.o(i.svcRtxKernelInitialize)
    svcRtxKernelInitialize                   0x08004969   Thumb Code   538  rtx_kernel.o(i.svcRtxKernelInitialize)
    i.svcRtxKernelStart                      0x08004b8c   Section        0  rtx_kernel.o(i.svcRtxKernelStart)
    svcRtxKernelStart                        0x08004b8d   Thumb Code   200  rtx_kernel.o(i.svcRtxKernelStart)
    i.svcRtxMessageQueueGet                  0x08004c64   Section        0  rtx_msgqueue.o(i.svcRtxMessageQueueGet)
    svcRtxMessageQueueGet                    0x08004c65   Thumb Code   308  rtx_msgqueue.o(i.svcRtxMessageQueueGet)
    i.svcRtxMessageQueueNew                  0x08004d9c   Section        0  rtx_msgqueue.o(i.svcRtxMessageQueueNew)
    svcRtxMessageQueueNew                    0x08004d9d   Thumb Code   396  rtx_msgqueue.o(i.svcRtxMessageQueueNew)
    i.svcRtxMessageQueuePut                  0x08004f30   Section        0  rtx_msgqueue.o(i.svcRtxMessageQueuePut)
    svcRtxMessageQueuePut                    0x08004f31   Thumb Code   292  rtx_msgqueue.o(i.svcRtxMessageQueuePut)
    i.svcRtxThreadExit                       0x08005058   Section        0  rtx_thread.o(i.svcRtxThreadExit)
    svcRtxThreadExit                         0x08005059   Thumb Code   134  rtx_thread.o(i.svcRtxThreadExit)
    i.svcRtxThreadNew                        0x080050e4   Section        0  rtx_thread.o(i.svcRtxThreadNew)
    svcRtxThreadNew                          0x080050e5   Thumb Code   612  rtx_thread.o(i.svcRtxThreadNew)
    .constdata                               0x0800535c   Section      180  main.o(.constdata)
    .constdata                               0x08005410   Section       64  bsp_key.o(.constdata)
    s_gpio_list                              0x08005410   Data          64  bsp_key.o(.constdata)
    .constdata                               0x08005450   Section       24  system_stm32f4xx.o(.constdata)
    .constdata                               0x08005468   Section      100  rtx_lib.o(.constdata)
    os_idle_thread_attr                      0x08005468   Data          36  rtx_lib.o(.constdata)
    os_timer_thread_attr                     0x0800548c   Data          36  rtx_lib.o(.constdata)
    os_timer_mq_attr                         0x080054b0   Data          24  rtx_lib.o(.constdata)
    .constdata                               0x080054cc   Section       24  eventrecorder.o(.constdata)
    __tagsym$$used                           0x080054cc   Number         0  eventrecorder.o(.constdata)
    .conststring                             0x080054e4   Section       97  main.o(.conststring)
    .conststrlit                             0x08005548   Section       11  rtx_kernel.o(.conststrlit)
    .rodata                                  0x08005554   Section      160  rtx_lib.o(.rodata)
    __tagsym$$used                           0x08005554   Number         0  rtx_lib.o(.rodata)
    __tagsym$$used                           0x080055bc   Number         0  rtx_lib.o(.rodata)
    .CCM_RAM                                 0x10000000   Section       42  main.o(.CCM_RAM)
    .bss.os                                  0x20000000   Section    32832  rtx_lib.o(.bss.os)
    os_mem                                   0x20000000   Data       32768  rtx_lib.o(.bss.os)
    os_isr_queue                             0x20008000   Data          64  rtx_lib.o(.bss.os)
    .bss.os.msgqueue.cb                      0x20008040   Section       52  rtx_lib.o(.bss.os.msgqueue.cb)
    os_timer_mq_cb                           0x20008040   Data          52  rtx_lib.o(.bss.os.msgqueue.cb)
    .bss.os.msgqueue.mem                     0x20008074   Section       80  rtx_lib.o(.bss.os.msgqueue.mem)
    os_timer_mq_data                         0x20008074   Data          80  rtx_lib.o(.bss.os.msgqueue.mem)
    .bss.os.thread.cb                        0x200080c4   Section      136  rtx_lib.o(.bss.os.thread.cb)
    os_idle_thread_cb                        0x200080c4   Data          68  rtx_lib.o(.bss.os.thread.cb)
    os_timer_thread_cb                       0x20008108   Data          68  rtx_lib.o(.bss.os.thread.cb)
    .bss.os.thread.stack                     0x20008150   Section     1024  rtx_lib.o(.bss.os.thread.stack)
    os_idle_thread_stack                     0x20008150   Data         512  rtx_lib.o(.bss.os.thread.stack)
    os_timer_thread_stack                    0x20008350   Data         512  rtx_lib.o(.bss.os.thread.stack)
    .data                                    0x20008550   Section       40  main.o(.data)
    .data                                    0x20008578   Section       30  bsp_timer.o(.data)
    s_TIM_CallBack1                          0x20008578   Data           4  bsp_timer.o(.data)
    s_TIM_CallBack2                          0x2000857c   Data           4  bsp_timer.o(.data)
    s_TIM_CallBack3                          0x20008580   Data           4  bsp_timer.o(.data)
    s_TIM_CallBack4                          0x20008584   Data           4  bsp_timer.o(.data)
    s_uiDelayCount                           0x20008588   Data           4  bsp_timer.o(.data)
    s_ucTimeOutFlag                          0x2000858c   Data           1  bsp_timer.o(.data)
    g_ucEnableSystickISR                     0x20008594   Data           1  bsp_timer.o(.data)
    s_count                                  0x20008595   Data           1  bsp_timer.o(.data)
    .data                                    0x20008598   Section        9  stm32f4xx_hal.o(.data)
    .data                                    0x200085a4   Section        4  system_stm32f4xx.o(.data)
    .data                                    0x200085a8   Section        4  segger_hardfaulthandler.o(.data)
    _Continue                                0x200085a8   Data           4  segger_hardfaulthandler.o(.data)
    .data                                    0x200085ac   Section        1  os_systick.o(.data)
    PendST                                   0x200085ac   Data           1  os_systick.o(.data)
    .data                                    0x200085b0   Section       12  retarget_io.o(.data)
    index                                    0x200085b0   Data           4  retarget_io.o(.data)
    buffer                                   0x200085b4   Data           8  retarget_io.o(.data)
    .data                                    0x200085bc   Section        4  stdout.o(.data)
    .data.os                                 0x200085c0   Section      164  rtx_kernel.o(.data.os)
    .bss                                     0x20008664   Section      173  bsp_key.o(.bss)
    s_tBtn                                   0x20008664   Data         160  bsp_key.o(.bss)
    s_tKey                                   0x20008704   Data          13  bsp_key.o(.bss)
    .bss                                     0x20008714   Section       48  bsp_timer.o(.bss)
    s_tTmr                                   0x20008714   Data          48  bsp_timer.o(.bss)
    .bss                                     0x20008744   Section     2092  bsp_uart_fifo.o(.bss)
    g_tUart1                                 0x20008744   Data          44  bsp_uart_fifo.o(.bss)
    g_TxBuf1                                 0x20008770   Data        1024  bsp_uart_fifo.o(.bss)
    g_RxBuf1                                 0x20008b70   Data        1024  bsp_uart_fifo.o(.bss)
    .bss                                     0x20008f70   Section       64  stm32f4xx_hal_timebase_tim.o(.bss)
    .bss                                     0x20008fb0   Section       64  segger_hardfaulthandler.o(.bss)
    HardFaultRegs                            0x20008fb0   Data          64  segger_hardfaulthandler.o(.bss)
    .bss.noinit                              0x20009000   Section     1188  eventrecorder.o(.bss.noinit)
    EventBuffer                              0x20009000   Data        1024  eventrecorder.o(.bss.noinit)
    EventFilter                              0x20009400   Data         128  eventrecorder.o(.bss.noinit)
    EventStatus                              0x20009480   Data          36  eventrecorder.o(.bss.noinit)
    STACK                                    0x200094a8   Section     1024  startup_stm32f407xx.o(STACK)

    Global Symbols

    Symbol Name                              Value     Ov Type        Size  Object(Section)

    BuildAttributes$$THM_ISAv4$E$P$D$K$B$S$7EM$VFPi3$EXTD16$VFPS$VFMA$PE$A:L22UL41UL21$X:L11$S22US41US21$IEEE1$IW$USESV6$~STKCKD$USESV7$~SHL$OSPACE$ROPI$EBA8$MICROLIB$REQ8$PRES8$EABIv2 0x00000000   Number         0  anon$$obj.o ABSOLUTE
    __ARM_use_no_argv                        0x00000000   Number         0  main.o ABSOLUTE
    _printf_a                                0x00000000   Number         0  stubs.o ABSOLUTE
    _printf_c                                0x00000000   Number         0  stubs.o ABSOLUTE
    _printf_charcount                        0x00000000   Number         0  stubs.o ABSOLUTE
    _printf_d                                0x00000000   Number         0  stubs.o ABSOLUTE
    _printf_e                                0x00000000   Number         0  stubs.o ABSOLUTE
    _printf_f                                0x00000000   Number         0  stubs.o ABSOLUTE
    _printf_flags                            0x00000000   Number         0  stubs.o ABSOLUTE
    _printf_fp_dec                           0x00000000   Number         0  stubs.o ABSOLUTE
    _printf_fp_hex                           0x00000000   Number         0  stubs.o ABSOLUTE
    _printf_g                                0x00000000   Number         0  stubs.o ABSOLUTE
    _printf_i                                0x00000000   Number         0  stubs.o ABSOLUTE
    _printf_int_dec                          0x00000000   Number         0  stubs.o ABSOLUTE
    _printf_l                                0x00000000   Number         0  stubs.o ABSOLUTE
    _printf_lc                               0x00000000   Number         0  stubs.o ABSOLUTE
    _printf_ll                               0x00000000   Number         0  stubs.o ABSOLUTE
    _printf_lld                              0x00000000   Number         0  stubs.o ABSOLUTE
    _printf_lli                              0x00000000   Number         0  stubs.o ABSOLUTE
    _printf_llo                              0x00000000   Number         0  stubs.o ABSOLUTE
    _printf_llu                              0x00000000   Number         0  stubs.o ABSOLUTE
    _printf_llx                              0x00000000   Number         0  stubs.o ABSOLUTE
    _printf_longlong_dec                     0x00000000   Number         0  stubs.o ABSOLUTE
    _printf_longlong_hex                     0x00000000   Number         0  stubs.o ABSOLUTE
    _printf_longlong_oct                     0x00000000   Number         0  stubs.o ABSOLUTE
    _printf_ls                               0x00000000   Number         0  stubs.o ABSOLUTE
    _printf_mbtowc                           0x00000000   Number         0  stubs.o ABSOLUTE
    _printf_n                                0x00000000   Number         0  stubs.o ABSOLUTE
    _printf_o                                0x00000000   Number         0  stubs.o ABSOLUTE
    _printf_p                                0x00000000   Number         0  stubs.o ABSOLUTE
    _printf_percent                          0x00000000   Number         0  stubs.o ABSOLUTE
    _printf_pre_padding                      0x00000000   Number         0  stubs.o ABSOLUTE
    _printf_return_value                     0x00000000   Number         0  stubs.o ABSOLUTE
    _printf_s                                0x00000000   Number         0  stubs.o ABSOLUTE
    _printf_sizespec                         0x00000000   Number         0  stubs.o ABSOLUTE
    _printf_str                              0x00000000   Number         0  stubs.o ABSOLUTE
    _printf_truncate_signed                  0x00000000   Number         0  stubs.o ABSOLUTE
    _printf_truncate_unsigned                0x00000000   Number         0  stubs.o ABSOLUTE
    _printf_u                                0x00000000   Number         0  stubs.o ABSOLUTE
    _printf_wc                               0x00000000   Number         0  stubs.o ABSOLUTE
    _printf_wctomb                           0x00000000   Number         0  stubs.o ABSOLUTE
    _printf_widthprec                        0x00000000   Number         0  stubs.o ABSOLUTE
    _printf_x                                0x00000000   Number         0  stubs.o ABSOLUTE
    .bss.os.evflags.cb$$Base                  - Undefined Weak Reference
    .bss.os.evflags.cb$$Limit                 - Undefined Weak Reference
    .bss.os.mempool.cb$$Base                  - Undefined Weak Reference
    .bss.os.mempool.cb$$Limit                 - Undefined Weak Reference
    .bss.os.mutex.cb$$Base                    - Undefined Weak Reference
    .bss.os.mutex.cb$$Limit                   - Undefined Weak Reference
    .bss.os.semaphore.cb$$Base                - Undefined Weak Reference
    .bss.os.semaphore.cb$$Limit               - Undefined Weak Reference
    .bss.os.timer.cb$$Base                    - Undefined Weak Reference
    .bss.os.timer.cb$$Limit                   - Undefined Weak Reference
    __cpp_initialize__aeabi_                  - Undefined Weak Reference
    __cxa_finalize                            - Undefined Weak Reference
    _clock_init                               - Undefined Weak Reference
    _microlib_exit                            - Undefined Weak Reference
    __Vectors_Size                           0x00000188   Number         0  startup_stm32f407xx.o ABSOLUTE
    __Vectors                                0x08000000   Data           4  startup_stm32f407xx.o(RESET)
    __Vectors_End                            0x08000188   Data           0  startup_stm32f407xx.o(RESET)
    __main                                   0x08000189   Thumb Code     0  entry.o(.ARM.Collect$$$$00000000)
    _main_stk                                0x08000189   Thumb Code     0  entry2.o(.ARM.Collect$$$$00000001)
    _main_scatterload                        0x0800018d   Thumb Code     0  entry5.o(.ARM.Collect$$$$00000004)
    __main_after_scatterload                 0x08000191   Thumb Code     0  entry5.o(.ARM.Collect$$$$00000004)
    _main_clock                              0x08000191   Thumb Code     0  entry7b.o(.ARM.Collect$$$$00000008)
    _main_cpp_init                           0x08000191   Thumb Code     0  entry8b.o(.ARM.Collect$$$$0000000A)
    _main_init                               0x08000191   Thumb Code     0  entry9a.o(.ARM.Collect$$$$0000000B)
    __rt_final_cpp                           0x08000199   Thumb Code     0  entry10a.o(.ARM.Collect$$$$0000000D)
    __rt_final_exit                          0x08000199   Thumb Code     0  entry11a.o(.ARM.Collect$$$$0000000F)
    __asm___13_rtx_mempool_c_7914b4c7__atomic_wr8 0x0800019d   Thumb Code    16  rtx_mempool.o(.emb_text)
    __asm___13_rtx_mempool_c_7914b4c7__atomic_set32 0x080001ad   Thumb Code    20  rtx_mempool.o(.emb_text)
    __asm___13_rtx_mempool_c_7914b4c7__atomic_clr32 0x080001c1   Thumb Code    22  rtx_mempool.o(.emb_text)
    __asm___13_rtx_mempool_c_7914b4c7__atomic_chk32_all 0x080001d7   Thumb Code    38  rtx_mempool.o(.emb_text)
    __asm___13_rtx_mempool_c_7914b4c7__atomic_chk32_any 0x080001fd   Thumb Code    34  rtx_mempool.o(.emb_text)
    __asm___13_rtx_mempool_c_7914b4c7__atomic_inc32 0x0800021f   Thumb Code    18  rtx_mempool.o(.emb_text)
    __asm___13_rtx_mempool_c_7914b4c7__atomic_inc16_lt 0x08000231   Thumb Code    30  rtx_mempool.o(.emb_text)
    __asm___13_rtx_mempool_c_7914b4c7__atomic_inc16_lim 0x0800024f   Thumb Code    26  rtx_mempool.o(.emb_text)
    __asm___13_rtx_mempool_c_7914b4c7__atomic_dec32 0x08000269   Thumb Code    18  rtx_mempool.o(.emb_text)
    __asm___13_rtx_mempool_c_7914b4c7__atomic_dec32_nz 0x0800027b   Thumb Code    26  rtx_mempool.o(.emb_text)
    __asm___13_rtx_mempool_c_7914b4c7__atomic_dec16_nz 0x08000295   Thumb Code    26  rtx_mempool.o(.emb_text)
    __asm___13_rtx_mempool_c_7914b4c7__atomic_link_get 0x080002af   Thumb Code    26  rtx_mempool.o(.emb_text)
    __asm___13_rtx_mempool_c_7914b4c7__atomic_link_put 0x080002c9   Thumb Code    28  rtx_mempool.o(.emb_text)
    __asm___14_rtx_msgqueue_c_ba128ae8__atomic_wr8 0x080002e5   Thumb Code    16  rtx_msgqueue.o(.emb_text)
    __asm___14_rtx_msgqueue_c_ba128ae8__atomic_set32 0x080002f5   Thumb Code    20  rtx_msgqueue.o(.emb_text)
    __asm___14_rtx_msgqueue_c_ba128ae8__atomic_clr32 0x08000309   Thumb Code    22  rtx_msgqueue.o(.emb_text)
    __asm___14_rtx_msgqueue_c_ba128ae8__atomic_chk32_all 0x0800031f   Thumb Code    38  rtx_msgqueue.o(.emb_text)
    __asm___14_rtx_msgqueue_c_ba128ae8__atomic_chk32_any 0x08000345   Thumb Code    34  rtx_msgqueue.o(.emb_text)
    __asm___14_rtx_msgqueue_c_ba128ae8__atomic_inc32 0x08000367   Thumb Code    18  rtx_msgqueue.o(.emb_text)
    __asm___14_rtx_msgqueue_c_ba128ae8__atomic_inc16_lt 0x08000379   Thumb Code    30  rtx_msgqueue.o(.emb_text)
    __asm___14_rtx_msgqueue_c_ba128ae8__atomic_inc16_lim 0x08000397   Thumb Code    26  rtx_msgqueue.o(.emb_text)
    __asm___14_rtx_msgqueue_c_ba128ae8__atomic_dec32 0x080003b1   Thumb Code    18  rtx_msgqueue.o(.emb_text)
    __asm___14_rtx_msgqueue_c_ba128ae8__atomic_dec32_nz 0x080003c3   Thumb Code    26  rtx_msgqueue.o(.emb_text)
    __asm___14_rtx_msgqueue_c_ba128ae8__atomic_dec16_nz 0x080003dd   Thumb Code    26  rtx_msgqueue.o(.emb_text)
    __asm___14_rtx_msgqueue_c_ba128ae8__atomic_link_get 0x080003f7   Thumb Code    26  rtx_msgqueue.o(.emb_text)
    __asm___14_rtx_msgqueue_c_ba128ae8__atomic_link_put 0x08000411   Thumb Code    28  rtx_msgqueue.o(.emb_text)
    __asm___12_rtx_system_c_024f2f18__atomic_wr8 0x0800042d   Thumb Code    16  rtx_system.o(.emb_text)
    __asm___12_rtx_system_c_024f2f18__atomic_set32 0x0800043d   Thumb Code    20  rtx_system.o(.emb_text)
    __asm___12_rtx_system_c_024f2f18__atomic_clr32 0x08000451   Thumb Code    22  rtx_system.o(.emb_text)
    __asm___12_rtx_system_c_024f2f18__atomic_chk32_all 0x08000467   Thumb Code    38  rtx_system.o(.emb_text)
    __asm___12_rtx_system_c_024f2f18__atomic_chk32_any 0x0800048d   Thumb Code    34  rtx_system.o(.emb_text)
    __asm___12_rtx_system_c_024f2f18__atomic_inc32 0x080004af   Thumb Code    18  rtx_system.o(.emb_text)
    __asm___12_rtx_system_c_024f2f18__atomic_inc16_lt 0x080004c1   Thumb Code    30  rtx_system.o(.emb_text)
    __asm___12_rtx_system_c_024f2f18__atomic_inc16_lim 0x080004df   Thumb Code    26  rtx_system.o(.emb_text)
    __asm___12_rtx_system_c_024f2f18__atomic_dec32 0x080004f9   Thumb Code    18  rtx_system.o(.emb_text)
    __asm___12_rtx_system_c_024f2f18__atomic_dec32_nz 0x0800050b   Thumb Code    26  rtx_system.o(.emb_text)
    __asm___12_rtx_system_c_024f2f18__atomic_dec16_nz 0x08000525   Thumb Code    26  rtx_system.o(.emb_text)
    __asm___12_rtx_system_c_024f2f18__atomic_link_get 0x0800053f   Thumb Code    26  rtx_system.o(.emb_text)
    __asm___12_rtx_system_c_024f2f18__atomic_link_put 0x08000559   Thumb Code    28  rtx_system.o(.emb_text)
    __asm___12_rtx_thread_c_add96be5__atomic_wr8 0x08000575   Thumb Code    16  rtx_thread.o(.emb_text)
    __asm___12_rtx_thread_c_add96be5__atomic_set32 0x08000585   Thumb Code    20  rtx_thread.o(.emb_text)
    __asm___12_rtx_thread_c_add96be5__atomic_clr32 0x08000599   Thumb Code    22  rtx_thread.o(.emb_text)
    __asm___12_rtx_thread_c_add96be5__atomic_chk32_all 0x080005af   Thumb Code    38  rtx_thread.o(.emb_text)
    __asm___12_rtx_thread_c_add96be5__atomic_chk32_any 0x080005d5   Thumb Code    34  rtx_thread.o(.emb_text)
    __asm___12_rtx_thread_c_add96be5__atomic_inc32 0x080005f7   Thumb Code    18  rtx_thread.o(.emb_text)
    __asm___12_rtx_thread_c_add96be5__atomic_inc16_lt 0x08000609   Thumb Code    30  rtx_thread.o(.emb_text)
    __asm___12_rtx_thread_c_add96be5__atomic_inc16_lim 0x08000627   Thumb Code    26  rtx_thread.o(.emb_text)
    __asm___12_rtx_thread_c_add96be5__atomic_dec32 0x08000641   Thumb Code    18  rtx_thread.o(.emb_text)
    __asm___12_rtx_thread_c_add96be5__atomic_dec32_nz 0x08000653   Thumb Code    26  rtx_thread.o(.emb_text)
    __asm___12_rtx_thread_c_add96be5__atomic_dec16_nz 0x0800066d   Thumb Code    26  rtx_thread.o(.emb_text)
    __asm___12_rtx_thread_c_add96be5__atomic_link_get 0x08000687   Thumb Code    26  rtx_thread.o(.emb_text)
    __asm___12_rtx_thread_c_add96be5__atomic_link_put 0x080006a1   Thumb Code    28  rtx_thread.o(.emb_text)
    __asm___15_EventRecorder_c_e8d3082c__atomic_inc8 0x080006bd   Thumb Code    18  eventrecorder.o(.emb_text)
    __asm___15_EventRecorder_c_e8d3082c__atomic_inc32 0x080006cf   Thumb Code    18  eventrecorder.o(.emb_text)
    __asm___15_EventRecorder_c_e8d3082c__atomic_xch32 0x080006e1   Thumb Code    16  eventrecorder.o(.emb_text)
    __asm___15_EventRecorder_c_e8d3082c__LockRecord 0x080006f1   Thumb Code    34  eventrecorder.o(.emb_text)
    __asm___15_EventRecorder_c_e8d3082c__UnlockRecord 0x08000713   Thumb Code    30  eventrecorder.o(.emb_text)
    Reset_Handler                            0x08000731   Thumb Code     8  startup_stm32f407xx.o(.text)
    ADC_IRQHandler                           0x0800074b   Thumb Code     0  startup_stm32f407xx.o(.text)
    CAN1_RX0_IRQHandler                      0x0800074b   Thumb Code     0  startup_stm32f407xx.o(.text)
    CAN1_RX1_IRQHandler                      0x0800074b   Thumb Code     0  startup_stm32f407xx.o(.text)
    CAN1_SCE_IRQHandler                      0x0800074b   Thumb Code     0  startup_stm32f407xx.o(.text)
    CAN1_TX_IRQHandler                       0x0800074b   Thumb Code     0  startup_stm32f407xx.o(.text)
    CAN2_RX0_IRQHandler                      0x0800074b   Thumb Code     0  startup_stm32f407xx.o(.text)
    CAN2_RX1_IRQHandler                      0x0800074b   Thumb Code     0  startup_stm32f407xx.o(.text)
    CAN2_SCE_IRQHandler                      0x0800074b   Thumb Code     0  startup_stm32f407xx.o(.text)
    CAN2_TX_IRQHandler                       0x0800074b   Thumb Code     0  startup_stm32f407xx.o(.text)
    DCMI_IRQHandler                          0x0800074b   Thumb Code     0  startup_stm32f407xx.o(.text)
    DMA1_Stream0_IRQHandler                  0x0800074b   Thumb Code     0  startup_stm32f407xx.o(.text)
    DMA1_Stream1_IRQHandler                  0x0800074b   Thumb Code     0  startup_stm32f407xx.o(.text)
    DMA1_Stream2_IRQHandler                  0x0800074b   Thumb Code     0  startup_stm32f407xx.o(.text)
    DMA1_Stream3_IRQHandler                  0x0800074b   Thumb Code     0  startup_stm32f407xx.o(.text)
    DMA1_Stream4_IRQHandler                  0x0800074b   Thumb Code     0  startup_stm32f407xx.o(.text)
    DMA1_Stream5_IRQHandler                  0x0800074b   Thumb Code     0  startup_stm32f407xx.o(.text)
    DMA1_Stream6_IRQHandler                  0x0800074b   Thumb Code     0  startup_stm32f407xx.o(.text)
    DMA1_Stream7_IRQHandler                  0x0800074b   Thumb Code     0  startup_stm32f407xx.o(.text)
    DMA2_Stream0_IRQHandler                  0x0800074b   Thumb Code     0  startup_stm32f407xx.o(.text)
    DMA2_Stream1_IRQHandler                  0x0800074b   Thumb Code     0  startup_stm32f407xx.o(.text)
    DMA2_Stream2_IRQHandler                  0x0800074b   Thumb Code     0  startup_stm32f407xx.o(.text)
    DMA2_Stream3_IRQHandler                  0x0800074b   Thumb Code     0  startup_stm32f407xx.o(.text)
    DMA2_Stream4_IRQHandler                  0x0800074b   Thumb Code     0  startup_stm32f407xx.o(.text)
    DMA2_Stream5_IRQHandler                  0x0800074b   Thumb Code     0  startup_stm32f407xx.o(.text)
    DMA2_Stream6_IRQHandler                  0x0800074b   Thumb Code     0  startup_stm32f407xx.o(.text)
    DMA2_Stream7_IRQHandler                  0x0800074b   Thumb Code     0  startup_stm32f407xx.o(.text)
    ETH_IRQHandler                           0x0800074b   Thumb Code     0  startup_stm32f407xx.o(.text)
    ETH_WKUP_IRQHandler                      0x0800074b   Thumb Code     0  startup_stm32f407xx.o(.text)
    EXTI0_IRQHandler                         0x0800074b   Thumb Code     0  startup_stm32f407xx.o(.text)
    EXTI15_10_IRQHandler                     0x0800074b   Thumb Code     0  startup_stm32f407xx.o(.text)
    EXTI1_IRQHandler                         0x0800074b   Thumb Code     0  startup_stm32f407xx.o(.text)
    EXTI2_IRQHandler                         0x0800074b   Thumb Code     0  startup_stm32f407xx.o(.text)
    EXTI3_IRQHandler                         0x0800074b   Thumb Code     0  startup_stm32f407xx.o(.text)
    EXTI4_IRQHandler                         0x0800074b   Thumb Code     0  startup_stm32f407xx.o(.text)
    EXTI9_5_IRQHandler                       0x0800074b   Thumb Code     0  startup_stm32f407xx.o(.text)
    FLASH_IRQHandler                         0x0800074b   Thumb Code     0  startup_stm32f407xx.o(.text)
    FMC_IRQHandler                           0x0800074b   Thumb Code     0  startup_stm32f407xx.o(.text)
    FPU_IRQHandler                           0x0800074b   Thumb Code     0  startup_stm32f407xx.o(.text)
    HASH_RNG_IRQHandler                      0x0800074b   Thumb Code     0  startup_stm32f407xx.o(.text)
    I2C1_ER_IRQHandler                       0x0800074b   Thumb Code     0  startup_stm32f407xx.o(.text)
    I2C1_EV_IRQHandler                       0x0800074b   Thumb Code     0  startup_stm32f407xx.o(.text)
    I2C2_ER_IRQHandler                       0x0800074b   Thumb Code     0  startup_stm32f407xx.o(.text)
    I2C2_EV_IRQHandler                       0x0800074b   Thumb Code     0  startup_stm32f407xx.o(.text)
    I2C3_ER_IRQHandler                       0x0800074b   Thumb Code     0  startup_stm32f407xx.o(.text)
    I2C3_EV_IRQHandler                       0x0800074b   Thumb Code     0  startup_stm32f407xx.o(.text)
    OTG_FS_IRQHandler                        0x0800074b   Thumb Code     0  startup_stm32f407xx.o(.text)
    OTG_FS_WKUP_IRQHandler                   0x0800074b   Thumb Code     0  startup_stm32f407xx.o(.text)
    OTG_HS_EP1_IN_IRQHandler                 0x0800074b   Thumb Code     0  startup_stm32f407xx.o(.text)
    OTG_HS_EP1_OUT_IRQHandler                0x0800074b   Thumb Code     0  startup_stm32f407xx.o(.text)
    OTG_HS_IRQHandler                        0x0800074b   Thumb Code     0  startup_stm32f407xx.o(.text)
    OTG_HS_WKUP_IRQHandler                   0x0800074b   Thumb Code     0  startup_stm32f407xx.o(.text)
    PVD_IRQHandler                           0x0800074b   Thumb Code     0  startup_stm32f407xx.o(.text)
    RCC_IRQHandler                           0x0800074b   Thumb Code     0  startup_stm32f407xx.o(.text)
    RTC_Alarm_IRQHandler                     0x0800074b   Thumb Code     0  startup_stm32f407xx.o(.text)
    RTC_WKUP_IRQHandler                      0x0800074b   Thumb Code     0  startup_stm32f407xx.o(.text)
    SDIO_IRQHandler                          0x0800074b   Thumb Code     0  startup_stm32f407xx.o(.text)
    SPI1_IRQHandler                          0x0800074b   Thumb Code     0  startup_stm32f407xx.o(.text)
    SPI2_IRQHandler                          0x0800074b   Thumb Code     0  startup_stm32f407xx.o(.text)
    SPI3_IRQHandler                          0x0800074b   Thumb Code     0  startup_stm32f407xx.o(.text)
    TAMP_STAMP_IRQHandler                    0x0800074b   Thumb Code     0  startup_stm32f407xx.o(.text)
    TIM1_BRK_TIM9_IRQHandler                 0x0800074b   Thumb Code     0  startup_stm32f407xx.o(.text)
    TIM1_CC_IRQHandler                       0x0800074b   Thumb Code     0  startup_stm32f407xx.o(.text)
    TIM1_TRG_COM_TIM11_IRQHandler            0x0800074b   Thumb Code     0  startup_stm32f407xx.o(.text)
    TIM1_UP_TIM10_IRQHandler                 0x0800074b   Thumb Code     0  startup_stm32f407xx.o(.text)
    TIM3_IRQHandler                          0x0800074b   Thumb Code     0  startup_stm32f407xx.o(.text)
    TIM4_IRQHandler                          0x0800074b   Thumb Code     0  startup_stm32f407xx.o(.text)
    TIM5_IRQHandler                          0x0800074b   Thumb Code     0  startup_stm32f407xx.o(.text)
    TIM6_DAC_IRQHandler                      0x0800074b   Thumb Code     0  startup_stm32f407xx.o(.text)
    TIM8_BRK_TIM12_IRQHandler                0x0800074b   Thumb Code     0  startup_stm32f407xx.o(.text)
    TIM8_CC_IRQHandler                       0x0800074b   Thumb Code     0  startup_stm32f407xx.o(.text)
    TIM8_TRG_COM_TIM14_IRQHandler            0x0800074b   Thumb Code     0  startup_stm32f407xx.o(.text)
    TIM8_UP_TIM13_IRQHandler                 0x0800074b   Thumb Code     0  startup_stm32f407xx.o(.text)
    UART4_IRQHandler                         0x0800074b   Thumb Code     0  startup_stm32f407xx.o(.text)
    UART5_IRQHandler                         0x0800074b   Thumb Code     0  startup_stm32f407xx.o(.text)
    USART2_IRQHandler                        0x0800074b   Thumb Code     0  startup_stm32f407xx.o(.text)
    USART3_IRQHandler                        0x0800074b   Thumb Code     0  startup_stm32f407xx.o(.text)
    USART6_IRQHandler                        0x0800074b   Thumb Code     0  startup_stm32f407xx.o(.text)
    WWDG_IRQHandler                          0x0800074b   Thumb Code     0  startup_stm32f407xx.o(.text)
    SVC_Handler                              0x08000755   Thumb Code   152  irq_cm4f.o(.text)
    PendSV_Handler                           0x080007ed   Thumb Code    16  irq_cm4f.o(.text)
    SysTick_Handler                          0x080007fd   Thumb Code    16  irq_cm4f.o(.text)
    __aeabi_uldivmod                         0x08000819   Thumb Code    98  uldiv.o(.text)
    __aeabi_memcpy                           0x0800087b   Thumb Code    36  memcpya.o(.text)
    __aeabi_memcpy4                          0x0800087b   Thumb Code     0  memcpya.o(.text)
    __aeabi_memcpy8                          0x0800087b   Thumb Code     0  memcpya.o(.text)
    __aeabi_memset                           0x0800089f   Thumb Code    14  memseta.o(.text)
    __aeabi_memset4                          0x0800089f   Thumb Code     0  memseta.o(.text)
    __aeabi_memset8                          0x0800089f   Thumb Code     0  memseta.o(.text)
    __aeabi_memclr                           0x080008ad   Thumb Code     4  memseta.o(.text)
    __aeabi_memclr4                          0x080008ad   Thumb Code     0  memseta.o(.text)
    __aeabi_memclr8                          0x080008ad   Thumb Code     0  memseta.o(.text)
    _memset$wrapper                          0x080008b1   Thumb Code    18  memseta.o(.text)
    __aeabi_uidiv                            0x080008c3   Thumb Code     0  uidiv.o(.text)
    __aeabi_uidivmod                         0x080008c3   Thumb Code    44  uidiv.o(.text)
    __aeabi_llsl                             0x080008ef   Thumb Code    30  llshl.o(.text)
    _ll_shift_l                              0x080008ef   Thumb Code     0  llshl.o(.text)
    __aeabi_llsr                             0x0800090d   Thumb Code    32  llushr.o(.text)
    _ll_ushift_r                             0x0800090d   Thumb Code     0  llushr.o(.text)
    __scatterload                            0x0800092d   Thumb Code    28  init.o(.text)
    __scatterload_rt2                        0x0800092d   Thumb Code     0  init.o(.text)
    __decompress                             0x08000951   Thumb Code     0  __dczerorl.o(.text)
    __decompress0                            0x08000951   Thumb Code    58  __dczerorl.o(.text)
    HardFault_Handler                        0x0800098d   Thumb Code     0  hardfaulthandler.o(OSKERNEL)
    AppTaskLED                               0x080009d9   Thumb Code    26  main.o(i.AppTaskLED)
    AppTaskStart                             0x080009f5   Thumb Code    54  main.o(i.AppTaskStart)
    AppTaskStatistic                         0x08000a39   Thumb Code   120  main.o(i.AppTaskStatistic)
    AppTaskUserIF                            0x08000acd   Thumb Code   122  main.o(i.AppTaskUserIF)
    BusFault_Handler                         0x08000b89   Thumb Code     4  stm32f4xx_it.o(i.BusFault_Handler)
    DebugMon_Handler                         0x08000b8d   Thumb Code     2  stm32f4xx_it.o(i.DebugMon_Handler)
    Error_Handler                            0x08000b8f   Thumb Code     8  bsp.o(i.Error_Handler)
    EventRecord2                             0x08000bfd   Thumb Code    70  eventrecorder.o(i.EventRecord2)
    EventRecord4                             0x08000c43   Thumb Code   118  eventrecorder.o(i.EventRecord4)
    EventRecordData                          0x08000cb9   Thumb Code   278  eventrecorder.o(i.EventRecordData)
    EventRecorderEnable                      0x08000ea9   Thumb Code    88  eventrecorder.o(i.EventRecorderEnable)
    EventRecorderInitialize                  0x08000f05   Thumb Code   270  eventrecorder.o(i.EventRecorderInitialize)
    EventRecorderStart                       0x0800102d   Thumb Code    40  eventrecorder.o(i.EventRecorderStart)
    EventRecorderTimerGetCount               0x0800105d   Thumb Code     6  eventrecorder.o(i.EventRecorderTimerGetCount)
    EventRecorderTimerGetFreq                0x08001069   Thumb Code     6  eventrecorder.o(i.EventRecorderTimerGetFreq)
    EventRecorderTimerSetup                  0x08001075   Thumb Code    28  eventrecorder.o(i.EventRecorderTimerSetup)
    EvrRtxDelay                              0x08001099   Thumb Code    16  rtx_evr.o(i.EvrRtxDelay)
    EvrRtxDelayCompleted                     0x080010ad   Thumb Code    16  rtx_evr.o(i.EvrRtxDelayCompleted)
    EvrRtxDelayError                         0x080010c1   Thumb Code    18  rtx_evr.o(i.EvrRtxDelayError)
    EvrRtxDelayStarted                       0x080010d5   Thumb Code    16  rtx_evr.o(i.EvrRtxDelayStarted)
    EvrRtxDelayUntil                         0x080010e9   Thumb Code    16  rtx_evr.o(i.EvrRtxDelayUntil)
    EvrRtxDelayUntilStarted                  0x080010fd   Thumb Code    16  rtx_evr.o(i.EvrRtxDelayUntilStarted)
    EvrRtxEventFlagsWaitTimeout              0x08001111   Thumb Code    16  rtx_evr.o(i.EvrRtxEventFlagsWaitTimeout)
    EvrRtxKernelError                        0x08001125   Thumb Code    18  rtx_evr.o(i.EvrRtxKernelError)
    EvrRtxKernelGetTickCount                 0x08001139   Thumb Code    16  rtx_evr.o(i.EvrRtxKernelGetTickCount)
    EvrRtxKernelInitialize                   0x0800114d   Thumb Code    14  rtx_evr.o(i.EvrRtxKernelInitialize)
    EvrRtxKernelInitialized                  0x08001161   Thumb Code    14  rtx_evr.o(i.EvrRtxKernelInitialized)
    EvrRtxKernelStart                        0x08001175   Thumb Code    14  rtx_evr.o(i.EvrRtxKernelStart)
    EvrRtxKernelStarted                      0x08001189   Thumb Code    14  rtx_evr.o(i.EvrRtxKernelStarted)
    EvrRtxMemoryAlloc                        0x0800119d   Thumb Code    26  rtx_evr.o(i.EvrRtxMemoryAlloc)
    EvrRtxMemoryBlockAlloc                   0x080011bd   Thumb Code    18  rtx_evr.o(i.EvrRtxMemoryBlockAlloc)
    EvrRtxMemoryBlockFree                    0x080011d5   Thumb Code    26  rtx_evr.o(i.EvrRtxMemoryBlockFree)
    EvrRtxMemoryBlockInit                    0x080011f5   Thumb Code    26  rtx_evr.o(i.EvrRtxMemoryBlockInit)
    EvrRtxMemoryFree                         0x08001215   Thumb Code    26  rtx_evr.o(i.EvrRtxMemoryFree)
    EvrRtxMemoryInit                         0x08001235   Thumb Code    28  rtx_evr.o(i.EvrRtxMemoryInit)
    EvrRtxMemoryPoolAllocTimeout             0x08001251   Thumb Code    16  rtx_evr.o(i.EvrRtxMemoryPoolAllocTimeout)
    EvrRtxMessageQueueCreated                0x08001265   Thumb Code    18  rtx_evr.o(i.EvrRtxMessageQueueCreated)
    EvrRtxMessageQueueError                  0x0800127d   Thumb Code    20  rtx_evr.o(i.EvrRtxMessageQueueError)
    EvrRtxMessageQueueGet                    0x08001291   Thumb Code    26  rtx_evr.o(i.EvrRtxMessageQueueGet)
    EvrRtxMessageQueueGetPending             0x080012b1   Thumb Code    26  rtx_evr.o(i.EvrRtxMessageQueueGetPending)
    EvrRtxMessageQueueGetTimeout             0x080012d1   Thumb Code    16  rtx_evr.o(i.EvrRtxMessageQueueGetTimeout)
    EvrRtxMessageQueueInsertPending          0x080012e5   Thumb Code    18  rtx_evr.o(i.EvrRtxMessageQueueInsertPending)
    EvrRtxMessageQueueInserted               0x080012fd   Thumb Code    18  rtx_evr.o(i.EvrRtxMessageQueueInserted)
    EvrRtxMessageQueueNew                    0x08001315   Thumb Code    26  rtx_evr.o(i.EvrRtxMessageQueueNew)
    EvrRtxMessageQueueNotInserted            0x08001335   Thumb Code    18  rtx_evr.o(i.EvrRtxMessageQueueNotInserted)
    EvrRtxMessageQueueNotRetrieved           0x0800134d   Thumb Code    18  rtx_evr.o(i.EvrRtxMessageQueueNotRetrieved)
    EvrRtxMessageQueuePut                    0x08001365   Thumb Code    26  rtx_evr.o(i.EvrRtxMessageQueuePut)
    EvrRtxMessageQueuePutPending             0x08001385   Thumb Code    26  rtx_evr.o(i.EvrRtxMessageQueuePutPending)
    EvrRtxMessageQueuePutTimeout             0x080013a5   Thumb Code    16  rtx_evr.o(i.EvrRtxMessageQueuePutTimeout)
    EvrRtxMessageQueueRetrieved              0x080013b9   Thumb Code    18  rtx_evr.o(i.EvrRtxMessageQueueRetrieved)
    EvrRtxMutexAcquireTimeout                0x080013d1   Thumb Code    16  rtx_evr.o(i.EvrRtxMutexAcquireTimeout)
    EvrRtxMutexAcquired                      0x080013e5   Thumb Code    18  rtx_evr.o(i.EvrRtxMutexAcquired)
    EvrRtxMutexReleased                      0x080013fd   Thumb Code    18  rtx_evr.o(i.EvrRtxMutexReleased)
    EvrRtxSemaphoreAcquireTimeout            0x08001415   Thumb Code    16  rtx_evr.o(i.EvrRtxSemaphoreAcquireTimeout)
    EvrRtxThreadBlocked                      0x08001429   Thumb Code    18  rtx_evr.o(i.EvrRtxThreadBlocked)
    EvrRtxThreadCreated                      0x08001441   Thumb Code    36  rtx_evr.o(i.EvrRtxThreadCreated)
    EvrRtxThreadDestroyed                    0x08001469   Thumb Code    16  rtx_evr.o(i.EvrRtxThreadDestroyed)
    EvrRtxThreadError                        0x0800147d   Thumb Code    20  rtx_evr.o(i.EvrRtxThreadError)
    EvrRtxThreadExit                         0x08001491   Thumb Code    14  rtx_evr.o(i.EvrRtxThreadExit)
    EvrRtxThreadFlagsWaitCompleted           0x080014a5   Thumb Code    26  rtx_evr.o(i.EvrRtxThreadFlagsWaitCompleted)
    EvrRtxThreadFlagsWaitTimeout             0x080014c5   Thumb Code    16  rtx_evr.o(i.EvrRtxThreadFlagsWaitTimeout)
    EvrRtxThreadJoined                       0x080014d9   Thumb Code    16  rtx_evr.o(i.EvrRtxThreadJoined)
    EvrRtxThreadNew                          0x080014ed   Thumb Code    26  rtx_evr.o(i.EvrRtxThreadNew)
    EvrRtxThreadPreempted                    0x0800150d   Thumb Code    16  rtx_evr.o(i.EvrRtxThreadPreempted)
    EvrRtxThreadSwitched                     0x08001521   Thumb Code    16  rtx_evr.o(i.EvrRtxThreadSwitched)
    EvrRtxThreadUnblocked                    0x08001535   Thumb Code    18  rtx_evr.o(i.EvrRtxThreadUnblocked)
    EvrRtxTimerCallback                      0x0800154d   Thumb Code    18  rtx_evr.o(i.EvrRtxTimerCallback)
    HAL_EnableCompensationCell               0x08001575   Thumb Code     8  stm32f4xx_hal.o(i.HAL_EnableCompensationCell)
    HAL_GPIO_Init                            0x08001581   Thumb Code   466  stm32f4xx_hal_gpio.o(i.HAL_GPIO_Init)
    HAL_GetTick                              0x08001781   Thumb Code     6  stm32f4xx_hal.o(i.HAL_GetTick)
    HAL_IncTick                              0x0800178d   Thumb Code    16  stm32f4xx_hal.o(i.HAL_IncTick)
    HAL_Init                                 0x080017a5   Thumb Code    54  stm32f4xx_hal.o(i.HAL_Init)
    HAL_InitTick                             0x080017e1   Thumb Code   150  stm32f4xx_hal_timebase_tim.o(i.HAL_InitTick)
    HAL_MspInit                              0x080018b1   Thumb Code     2  stm32f4xx_hal.o(i.HAL_MspInit)
    HAL_NVIC_EnableIRQ                       0x080018b3   Thumb Code    32  stm32f4xx_hal_cortex.o(i.HAL_NVIC_EnableIRQ)
    HAL_NVIC_SetPriority                     0x080018d3   Thumb Code   124  stm32f4xx_hal_cortex.o(i.HAL_NVIC_SetPriority)
    HAL_NVIC_SetPriorityGrouping             0x08001951   Thumb Code    32  stm32f4xx_hal_cortex.o(i.HAL_NVIC_SetPriorityGrouping)
    HAL_RCC_ClockConfig                      0x08001979   Thumb Code   366  stm32f4xx_hal_rcc.o(i.HAL_RCC_ClockConfig)
    HAL_RCC_GetClockConfig                   0x08001af9   Thumb Code    58  stm32f4xx_hal_rcc.o(i.HAL_RCC_GetClockConfig)
    HAL_RCC_GetHCLKFreq                      0x08001b3d   Thumb Code     6  stm32f4xx_hal_rcc.o(i.HAL_RCC_GetHCLKFreq)
    HAL_RCC_GetPCLK1Freq                     0x08001b49   Thumb Code    22  stm32f4xx_hal_rcc.o(i.HAL_RCC_GetPCLK1Freq)
    HAL_RCC_GetPCLK2Freq                     0x08001b69   Thumb Code    22  stm32f4xx_hal_rcc.o(i.HAL_RCC_GetPCLK2Freq)
    HAL_RCC_GetSysClockFreq                  0x08001b89   Thumb Code   162  stm32f4xx_hal_rcc.o(i.HAL_RCC_GetSysClockFreq)
    HAL_RCC_OscConfig                        0x08001c39   Thumb Code  1086  stm32f4xx_hal_rcc.o(i.HAL_RCC_OscConfig)
    HAL_ResumeTick                           0x08002081   Thumb Code    18  stm32f4xx_hal_timebase_tim.o(i.HAL_ResumeTick)
    HAL_SuspendTick                          0x08002099   Thumb Code    18  stm32f4xx_hal_timebase_tim.o(i.HAL_SuspendTick)
    HAL_TIM_Base_DeInit                      0x080020b1   Thumb Code    70  stm32f4xx_hal_tim.o(i.HAL_TIM_Base_DeInit)
    HAL_TIM_Base_Init                        0x080020f7   Thumb Code    52  stm32f4xx_hal_tim.o(i.HAL_TIM_Base_Init)
    HAL_TIM_Base_MspDeInit                   0x0800212b   Thumb Code     2  stm32f4xx_hal_tim.o(i.HAL_TIM_Base_MspDeInit)
    HAL_TIM_Base_MspInit                     0x0800212d   Thumb Code     2  stm32f4xx_hal_tim.o(i.HAL_TIM_Base_MspInit)
    HAL_TIM_Base_Start                       0x0800212f   Thumb Code    42  stm32f4xx_hal_tim.o(i.HAL_TIM_Base_Start)
    HAL_TIM_Base_Start_IT                    0x08002159   Thumb Code    42  stm32f4xx_hal_tim.o(i.HAL_TIM_Base_Start_IT)
    HAL_UART_Init                            0x08002183   Thumb Code   114  stm32f4xx_hal_uart.o(i.HAL_UART_Init)
    HAL_UART_MspInit                         0x080021f5   Thumb Code     2  stm32f4xx_hal_uart.o(i.HAL_UART_MspInit)
    HardFaultHandler                         0x080021f9   Thumb Code   202  segger_hardfaulthandler.o(i.HardFaultHandler)
    MemManage_Handler                        0x0800253b   Thumb Code     4  stm32f4xx_it.o(i.MemManage_Handler)
    NMI_Handler                              0x080025e1   Thumb Code     2  stm32f4xx_it.o(i.NMI_Handler)
    OSStatInit                               0x080025e5   Thumb Code    42  main.o(i.OSStatInit)
    OS_Tick_AcknowledgeIRQ                   0x0800261d   Thumb Code     8  os_systick.o(i.OS_Tick_AcknowledgeIRQ)
    OS_Tick_Enable                           0x08002625   Thumb Code    38  os_systick.o(i.OS_Tick_Enable)
    OS_Tick_GetIRQn                          0x08002655   Thumb Code     6  os_systick.o(i.OS_Tick_GetIRQn)
    OS_Tick_Setup                            0x0800265d   Thumb Code    66  os_systick.o(i.OS_Tick_Setup)
    RS485_InitTXE                            0x080026ad   Thumb Code    64  bsp_uart_fifo.o(i.RS485_InitTXE)
    SysTick_ISR                              0x080026f5   Thumb Code   110  bsp_timer.o(i.SysTick_ISR)
    SystemInit                               0x08002875   Thumb Code    82  system_stm32f4xx.o(i.SystemInit)
    System_Init                              0x080028d9   Thumb Code    24  bsp.o(i.System_Init)
    TIM2_IRQHandler                          0x080028f1   Thumb Code   164  bsp_timer.o(i.TIM2_IRQHandler)
    TIM7_IRQHandler                          0x080029a5   Thumb Code    26  stm32f4xx_hal_timebase_tim.o(i.TIM7_IRQHandler)
    TIM_Base_SetConfig                       0x080029c5   Thumb Code   170  stm32f4xx_hal_tim.o(i.TIM_Base_SetConfig)
    USART1_IRQHandler                        0x08002eb5   Thumb Code    10  bsp_uart_fifo.o(i.USART1_IRQHandler)
    UsageFault_Handler                       0x08002ffd   Thumb Code     4  stm32f4xx_it.o(i.UsageFault_Handler)
    __0printf$3                              0x08003001   Thumb Code    22  printf3.o(i.__0printf$3)
    __1printf$3                              0x08003001   Thumb Code     0  printf3.o(i.__0printf$3)
    __2printf                                0x08003001   Thumb Code     0  printf3.o(i.__0printf$3)
    __scatterload_copy                       0x08003059   Thumb Code    14  handlers.o(i.__scatterload_copy)
    __scatterload_null                       0x08003067   Thumb Code     2  handlers.o(i.__scatterload_null)
    __scatterload_zeroinit                   0x08003069   Thumb Code    14  handlers.o(i.__scatterload_zeroinit)
    bsp_GetKey                               0x080032fd   Thumb Code    46  bsp_key.o(i.bsp_GetKey)
    bsp_Init                                 0x08003331   Thumb Code    20  bsp.o(i.bsp_Init)
    bsp_InitHardTimer                        0x08003345   Thumb Code   148  bsp_timer.o(i.bsp_InitHardTimer)
    bsp_InitKey                              0x08003409   Thumb Code    12  bsp_key.o(i.bsp_InitKey)
    bsp_InitLed                              0x08003581   Thumb Code   186  bsp_led.o(i.bsp_InitLed)
    bsp_InitTimer                            0x0800364d   Thumb Code    68  bsp_timer.o(i.bsp_InitTimer)
    bsp_InitUart                             0x08003699   Thumb Code    16  bsp_uart_fifo.o(i.bsp_InitUart)
    bsp_KeyScan10ms                          0x080036a9   Thumb Code    22  bsp_key.o(i.bsp_KeyScan10ms)
    bsp_LedOff                               0x080036c1   Thumb Code    52  bsp_led.o(i.bsp_LedOff)
    bsp_LedToggle                            0x08003701   Thumb Code    72  bsp_led.o(i.bsp_LedToggle)
    bsp_PutKey                               0x08003755   Thumb Code    28  bsp_key.o(i.bsp_PutKey)
    bsp_RunPer10ms                           0x08003775   Thumb Code     8  bsp.o(i.bsp_RunPer10ms)
    bsp_RunPer1ms                            0x0800377d   Thumb Code     2  bsp.o(i.bsp_RunPer1ms)
    bsp_SetKeyParam                          0x08003781   Thumb Code    30  bsp_key.o(i.bsp_SetKeyParam)
    bsp_SetUartParam                         0x080037a5   Thumb Code    60  bsp_uart_fifo.o(i.bsp_SetUartParam)
    fputc                                    0x08003865   Thumb Code    26  retarget_io.o(i.fputc)
    main                                     0x080039fd   Thumb Code    34  main.o(i.main)
    osDelay                                  0x08003a2d   Thumb Code    54  rtx_delay.o(i.osDelay)
    osDelayUntil                             0x08003a69   Thumb Code    54  rtx_delay.o(i.osDelayUntil)
    osKernelGetTickCount                     0x08003aa5   Thumb Code    38  rtx_kernel.o(i.osKernelGetTickCount)
    osKernelInitialize                       0x08003ad1   Thumb Code    52  rtx_kernel.o(i.osKernelInitialize)
    osKernelStart                            0x08003b09   Thumb Code    48  rtx_kernel.o(i.osKernelStart)
    osMessageQueueGet                        0x08003b3d   Thumb Code    78  rtx_msgqueue.o(i.osMessageQueueGet)
    osMessageQueueNew                        0x08003b91   Thumb Code    70  rtx_msgqueue.o(i.osMessageQueueNew)
    osMessageQueuePut                        0x08003bdd   Thumb Code    78  rtx_msgqueue.o(i.osMessageQueuePut)
    osRtxErrorNotify                         0x08003c31   Thumb Code    32  rtx_config.o(i.osRtxErrorNotify)
    osRtxIdleThread                          0x08003c51   Thumb Code    30  main.o(i.osRtxIdleThread)
    osRtxKernelPreInit                       0x08003c81   Thumb Code     2  rtx_kernel.o(i.osRtxKernelPreInit)
    osRtxMemoryAlloc                         0x08003c83   Thumb Code   238  rtx_memory.o(i.osRtxMemoryAlloc)
    osRtxMemoryFree                          0x08003d71   Thumb Code   124  rtx_memory.o(i.osRtxMemoryFree)
    osRtxMemoryInit                          0x08003ded   Thumb Code   106  rtx_memory.o(i.osRtxMemoryInit)
    osRtxMemoryPoolAlloc                     0x08003e57   Thumb Code    48  rtx_mempool.o(i.osRtxMemoryPoolAlloc)
    osRtxMemoryPoolFree                      0x08003e87   Thumb Code    68  rtx_mempool.o(i.osRtxMemoryPoolFree)
    osRtxMemoryPoolInit                      0x08003ecb   Thumb Code    88  rtx_mempool.o(i.osRtxMemoryPoolInit)
    osRtxMutexOwnerRelease                   0x0800402b   Thumb Code   102  rtx_mutex.o(i.osRtxMutexOwnerRelease)
    osRtxMutexOwnerRestore                   0x08004091   Thumb Code    80  rtx_mutex.o(i.osRtxMutexOwnerRestore)
    osRtxPendSV_Handler                      0x080040e1   Thumb Code   130  rtx_system.o(i.osRtxPendSV_Handler)
    osRtxPostProcess                         0x08004169   Thumb Code    50  rtx_system.o(i.osRtxPostProcess)
    osRtxThreadDelayTick                     0x080042a9   Thumb Code   298  rtx_thread.o(i.osRtxThreadDelayTick)
    osRtxThreadDispatch                      0x080043d9   Thumb Code   102  rtx_thread.o(i.osRtxThreadDispatch)
    osRtxThreadListGet                       0x080044b5   Thumb Code    26  rtx_thread.o(i.osRtxThreadListGet)
    osRtxThreadListPut                       0x080044cf   Thumb Code    44  rtx_thread.o(i.osRtxThreadListPut)
    osRtxThreadListRemove                    0x080044fb   Thumb Code    26  rtx_thread.o(i.osRtxThreadListRemove)
    osRtxThreadListSort                      0x08004525   Thumb Code    42  rtx_thread.o(i.osRtxThreadListSort)
    osRtxThreadReadyPut                      0x08004585   Thumb Code    18  rtx_thread.o(i.osRtxThreadReadyPut)
    osRtxThreadRegPtr                        0x0800459d   Thumb Code    24  rtx_thread.o(i.osRtxThreadRegPtr)
    osRtxThreadStackCheck                    0x080045c1   Thumb Code    38  rtx_thread.o(i.osRtxThreadStackCheck)
    osRtxThreadStartup                       0x080045ed   Thumb Code    60  rtx_thread.o(i.osRtxThreadStartup)
    osRtxThreadSwitch                        0x08004639   Thumb Code    24  rtx_thread.o(i.osRtxThreadSwitch)
    osRtxThreadWaitEnter                     0x08004655   Thumb Code    72  rtx_thread.o(i.osRtxThreadWaitEnter)
    osRtxThreadWaitExit                      0x080046a1   Thumb Code    54  rtx_thread.o(i.osRtxThreadWaitExit)
    osRtxTick_Handler                        0x080046d9   Thumb Code   154  rtx_system.o(i.osRtxTick_Handler)
    osRtxTimerThread                         0x08004779   Thumb Code    66  rtx_timer.o(i.osRtxTimerThread)
    osThreadExit                             0x08004825   Thumb Code    28  rtx_thread.o(i.osThreadExit)
    osThreadNew                              0x08004845   Thumb Code    70  rtx_thread.o(i.osThreadNew)
    ThreadStart_Attr                         0x0800535c   Data          36  main.o(.constdata)
    ThreadStatistic_Attr                     0x08005380   Data          36  main.o(.constdata)
    ThreadMsgPro_Attr                        0x080053a4   Data          36  main.o(.constdata)
    ThreadLED_Attr                           0x080053c8   Data          36  main.o(.constdata)
    ThreadUserIF_Attr                        0x080053ec   Data          36  main.o(.constdata)
    AHBPrescTable                            0x08005450   Data          16  system_stm32f4xx.o(.constdata)
    APBPrescTable                            0x08005460   Data           8  system_stm32f4xx.o(.constdata)
    osRtxUserSVC                             0x080054c8   Data           4  rtx_lib.o(.constdata)
    EventRecorderInfo                        0x080054cc   Data          24  eventrecorder.o(.constdata)
    osRtxConfig                              0x08005554   Data         104  rtx_lib.o(.rodata)
    os_cb_sections                           0x080055bc   Data          56  rtx_lib.o(.rodata)
    Region$$Table$$Base                      0x080055f4   Number         0  anon$$obj.o(Region$$Table)
    Region$$Table$$Limit                     0x08005624   Number         0  anon$$obj.o(Region$$Table)
    CCMBuf1                                  0x10000000   Data          40  main.o(.CCM_RAM)
    CCMCount                                 0x10000028   Data           2  main.o(.CCM_RAM)
    .bss.os.msgqueue.cb$$Base                0x20008040   Number         0  rtx_lib.o(.bss.os.msgqueue.cb)
    .bss.os.msgqueue.cb$$Limit               0x20008074   Number         0  rtx_lib.o(.bss.os.msgqueue.cb)
    .bss.os.thread.cb$$Base                  0x200080c4   Number         0  rtx_lib.o(.bss.os.thread.cb)
    .bss.os.thread.cb$$Limit                 0x2000814c   Number         0  rtx_lib.o(.bss.os.thread.cb)
    ThreadIdTaskUserIF                       0x20008550   Data           4  main.o(.data)
    ThreadIdTaskStatistic                    0x20008554   Data           4  main.o(.data)
    ThreadIdTaskMsgPro                       0x20008558   Data           4  main.o(.data)
    ThreadIdTaskLED                          0x2000855c   Data           4  main.o(.data)
    ThreadIdStart                            0x20008560   Data           4  main.o(.data)
    OSStatRdy                                0x20008564   Data           1  main.o(.data)
    OSIdleCtr                                0x20008568   Data           4  main.o(.data)
    OSCPUUsage                               0x2000856c   Data           4  main.o(.data)
    OSIdleCtrMax                             0x20008570   Data           4  main.o(.data)
    OSIdleCtrRun                             0x20008574   Data           4  main.o(.data)
    g_iRunTime                               0x20008590   Data           4  bsp_timer.o(.data)
    uwTick                                   0x20008598   Data           4  stm32f4xx_hal.o(.data)
    uwTickPrio                               0x2000859c   Data           4  stm32f4xx_hal.o(.data)
    uwTickFreq                               0x200085a0   Data           1  stm32f4xx_hal.o(.data)
    SystemCoreClock                          0x200085a4   Data           4  system_stm32f4xx.o(.data)
    __stdout                                 0x200085bc   Data           4  stdout.o(.data)
    osRtxInfo                                0x200085c0   Data         164  rtx_kernel.o(.data.os)
    TimHandle                                0x20008f70   Data          64  stm32f4xx_hal_timebase_tim.o(.bss)
    __initial_sp                             0x200098a8   Data           0  startup_stm32f407xx.o(STACK)



==============================================================================

Memory Map of the image

  Image Entry point : 0x08000189

  Load Region LR_IROM1 (Base: 0x08000000, Size: 0x0000dcb4, Max: 0x00100000, ABSOLUTE, COMPRESSED[0x00005770])

    Execution Region ER_IROM1 (Exec base: 0x08000000, Load base: 0x08000000, Size: 0x00005624, Max: 0x00100000, ABSOLUTE)

    Exec Addr    Load Addr    Size         Type   Attr      Idx    E Section Name        Object

    0x08000000   0x08000000   0x00000188   Data   RO         1116    RESET               startup_stm32f407xx.o
    0x08000188   0x08000188   0x00000000   Code   RO         6608  * .ARM.Collect$$$$00000000  mc_w.l(entry.o)
    0x08000188   0x08000188   0x00000004   Code   RO         6890    .ARM.Collect$$$$00000001  mc_w.l(entry2.o)
    0x0800018c   0x0800018c   0x00000004   Code   RO         6893    .ARM.Collect$$$$00000004  mc_w.l(entry5.o)
    0x08000190   0x08000190   0x00000000   Code   RO         6895    .ARM.Collect$$$$00000008  mc_w.l(entry7b.o)
    0x08000190   0x08000190   0x00000000   Code   RO         6897    .ARM.Collect$$$$0000000A  mc_w.l(entry8b.o)
    0x08000190   0x08000190   0x00000008   Code   RO         6898    .ARM.Collect$$$$0000000B  mc_w.l(entry9a.o)
    0x08000198   0x08000198   0x00000000   Code   RO         6900    .ARM.Collect$$$$0000000D  mc_w.l(entry10a.o)
    0x08000198   0x08000198   0x00000000   Code   RO         6902    .ARM.Collect$$$$0000000F  mc_w.l(entry11a.o)
    0x08000198   0x08000198   0x00000004   Code   RO         6891    .ARM.Collect$$$$00002712  mc_w.l(entry2.o)
    0x0800019c   0x0800019c   0x00000148   Code   RO         5151    .emb_text           rtx_mempool.o
    0x080002e4   0x080002e4   0x00000148   Code   RO         5313    .emb_text           rtx_msgqueue.o
    0x0800042c   0x0800042c   0x00000148   Code   RO         5725    .emb_text           rtx_system.o
    0x08000574   0x08000574   0x00000148   Code   RO         5781    .emb_text           rtx_thread.o
    0x080006bc   0x080006bc   0x00000074   Code   RO         6429    .emb_text           eventrecorder.o
    0x08000730   0x08000730   0x00000024   Code   RO         1117    .text               startup_stm32f407xx.o
    0x08000754   0x08000754   0x000000c4   Code   RO         3553    .text               irq_cm4f.o
    0x08000818   0x08000818   0x00000062   Code   RO         6617    .text               mc_w.l(uldiv.o)
    0x0800087a   0x0800087a   0x00000024   Code   RO         6619    .text               mc_w.l(memcpya.o)
    0x0800089e   0x0800089e   0x00000024   Code   RO         6621    .text               mc_w.l(memseta.o)
    0x080008c2   0x080008c2   0x0000002c   Code   RO         6904    .text               mc_w.l(uidiv.o)
    0x080008ee   0x080008ee   0x0000001e   Code   RO         6906    .text               mc_w.l(llshl.o)
    0x0800090c   0x0800090c   0x00000020   Code   RO         6908    .text               mc_w.l(llushr.o)
    0x0800092c   0x0800092c   0x00000024   Code   RO         6921    .text               mc_w.l(init.o)
    0x08000950   0x08000950   0x0000003a   Code   RO         6935    .text               mc_w.l(__dczerorl.o)
    0x0800098a   0x0800098a   0x00000002   PAD
    0x0800098c   0x0800098c   0x00000012   Code   RO         3248    OSKERNEL            hardfaulthandler.o
    0x0800099e   0x0800099e   0x00000002   PAD
    0x080009a0   0x080009a0   0x00000038   Code   RO            4    i.AppTaskCreate     main.o
    0x080009d8   0x080009d8   0x0000001a   Code   RO            5    i.AppTaskLED        main.o
    0x080009f2   0x080009f2   0x00000002   PAD
    0x080009f4   0x080009f4   0x00000044   Code   RO            7    i.AppTaskStart      main.o
    0x08000a38   0x08000a38   0x00000094   Code   RO            8    i.AppTaskStatistic  main.o
    0x08000acc   0x08000acc   0x000000bc   Code   RO            9    i.AppTaskUserIF     main.o
    0x08000b88   0x08000b88   0x00000004   Code   RO          951    i.BusFault_Handler  stm32f4xx_it.o
    0x08000b8c   0x08000b8c   0x00000002   Code   RO          952    i.DebugMon_Handler  stm32f4xx_it.o
    0x08000b8e   0x08000b8e   0x00000008   Code   RO          344    i.Error_Handler     bsp.o
    0x08000b96   0x08000b96   0x00000002   PAD
    0x08000b98   0x08000b98   0x00000028   Code   RO         6430    i.EventCheckFilter  eventrecorder.o
    0x08000bc0   0x08000bc0   0x0000003c   Code   RO         6431    i.EventGetTS        eventrecorder.o
    0x08000bfc   0x08000bfc   0x00000046   Code   RO         6432    i.EventRecord2      eventrecorder.o
    0x08000c42   0x08000c42   0x00000076   Code   RO         6433    i.EventRecord4      eventrecorder.o
    0x08000cb8   0x08000cb8   0x00000116   Code   RO         6434    i.EventRecordData   eventrecorder.o
    0x08000dce   0x08000dce   0x00000002   PAD
    0x08000dd0   0x08000dd0   0x000000d8   Code   RO         6435    i.EventRecordItem   eventrecorder.o
    0x08000ea8   0x08000ea8   0x0000005c   Code   RO         6438    i.EventRecorderEnable  eventrecorder.o
    0x08000f04   0x08000f04   0x00000128   Code   RO         6439    i.EventRecorderInitialize  eventrecorder.o
    0x0800102c   0x0800102c   0x00000030   Code   RO         6440    i.EventRecorderStart  eventrecorder.o
    0x0800105c   0x0800105c   0x0000000c   Code   RO         6442    i.EventRecorderTimerGetCount  eventrecorder.o
    0x08001068   0x08001068   0x0000000c   Code   RO         6443    i.EventRecorderTimerGetFreq  eventrecorder.o
    0x08001074   0x08001074   0x00000024   Code   RO         6444    i.EventRecorderTimerSetup  eventrecorder.o
    0x08001098   0x08001098   0x00000014   Code   RO         3794    i.EvrRtxDelay       rtx_evr.o
    0x080010ac   0x080010ac   0x00000014   Code   RO         3795    i.EvrRtxDelayCompleted  rtx_evr.o
    0x080010c0   0x080010c0   0x00000012   Code   RO         3796    i.EvrRtxDelayError  rtx_evr.o
    0x080010d2   0x080010d2   0x00000002   PAD
    0x080010d4   0x080010d4   0x00000014   Code   RO         3797    i.EvrRtxDelayStarted  rtx_evr.o
    0x080010e8   0x080010e8   0x00000014   Code   RO         3798    i.EvrRtxDelayUntil  rtx_evr.o
    0x080010fc   0x080010fc   0x00000014   Code   RO         3799    i.EvrRtxDelayUntilStarted  rtx_evr.o
    0x08001110   0x08001110   0x00000014   Code   RO         3815    i.EvrRtxEventFlagsWaitTimeout  rtx_evr.o
    0x08001124   0x08001124   0x00000012   Code   RO         3816    i.EvrRtxKernelError  rtx_evr.o
    0x08001136   0x08001136   0x00000002   PAD
    0x08001138   0x08001138   0x00000014   Code   RO         3821    i.EvrRtxKernelGetTickCount  rtx_evr.o
    0x0800114c   0x0800114c   0x00000014   Code   RO         3824    i.EvrRtxKernelInitialize  rtx_evr.o
    0x08001160   0x08001160   0x00000014   Code   RO         3825    i.EvrRtxKernelInitialized  rtx_evr.o
    0x08001174   0x08001174   0x00000014   Code   RO         3832    i.EvrRtxKernelStart  rtx_evr.o
    0x08001188   0x08001188   0x00000014   Code   RO         3833    i.EvrRtxKernelStarted  rtx_evr.o
    0x0800119c   0x0800119c   0x00000020   Code   RO         3838    i.EvrRtxMemoryAlloc  rtx_evr.o
    0x080011bc   0x080011bc   0x00000018   Code   RO         3839    i.EvrRtxMemoryBlockAlloc  rtx_evr.o
    0x080011d4   0x080011d4   0x00000020   Code   RO         3840    i.EvrRtxMemoryBlockFree  rtx_evr.o
    0x080011f4   0x080011f4   0x00000020   Code   RO         3841    i.EvrRtxMemoryBlockInit  rtx_evr.o
    0x08001214   0x08001214   0x00000020   Code   RO         3842    i.EvrRtxMemoryFree  rtx_evr.o
    0x08001234   0x08001234   0x0000001c   Code   RO         3843    i.EvrRtxMemoryInit  rtx_evr.o
    0x08001250   0x08001250   0x00000014   Code   RO         3847    i.EvrRtxMemoryPoolAllocTimeout  rtx_evr.o
    0x08001264   0x08001264   0x00000018   Code   RO         3862    i.EvrRtxMessageQueueCreated  rtx_evr.o
    0x0800127c   0x0800127c   0x00000014   Code   RO         3865    i.EvrRtxMessageQueueError  rtx_evr.o
    0x08001290   0x08001290   0x00000020   Code   RO         3866    i.EvrRtxMessageQueueGet  rtx_evr.o
    0x080012b0   0x080012b0   0x00000020   Code   RO         3871    i.EvrRtxMessageQueueGetPending  rtx_evr.o
    0x080012d0   0x080012d0   0x00000014   Code   RO         3873    i.EvrRtxMessageQueueGetTimeout  rtx_evr.o
    0x080012e4   0x080012e4   0x00000018   Code   RO         3874    i.EvrRtxMessageQueueInsertPending  rtx_evr.o
    0x080012fc   0x080012fc   0x00000018   Code   RO         3875    i.EvrRtxMessageQueueInserted  rtx_evr.o
    0x08001314   0x08001314   0x00000020   Code   RO         3876    i.EvrRtxMessageQueueNew  rtx_evr.o
    0x08001334   0x08001334   0x00000018   Code   RO         3877    i.EvrRtxMessageQueueNotInserted  rtx_evr.o
    0x0800134c   0x0800134c   0x00000018   Code   RO         3878    i.EvrRtxMessageQueueNotRetrieved  rtx_evr.o
    0x08001364   0x08001364   0x00000020   Code   RO         3879    i.EvrRtxMessageQueuePut  rtx_evr.o
    0x08001384   0x08001384   0x00000020   Code   RO         3880    i.EvrRtxMessageQueuePutPending  rtx_evr.o
    0x080013a4   0x080013a4   0x00000014   Code   RO         3881    i.EvrRtxMessageQueuePutTimeout  rtx_evr.o
    0x080013b8   0x080013b8   0x00000018   Code   RO         3884    i.EvrRtxMessageQueueRetrieved  rtx_evr.o
    0x080013d0   0x080013d0   0x00000014   Code   RO         3887    i.EvrRtxMutexAcquireTimeout  rtx_evr.o
    0x080013e4   0x080013e4   0x00000018   Code   RO         3888    i.EvrRtxMutexAcquired  rtx_evr.o
    0x080013fc   0x080013fc   0x00000018   Code   RO         3898    i.EvrRtxMutexReleased  rtx_evr.o
    0x08001414   0x08001414   0x00000014   Code   RO         3901    i.EvrRtxSemaphoreAcquireTimeout  rtx_evr.o
    0x08001428   0x08001428   0x00000018   Code   RO         3913    i.EvrRtxThreadBlocked  rtx_evr.o
    0x08001440   0x08001440   0x00000028   Code   RO         3914    i.EvrRtxThreadCreated  rtx_evr.o
    0x08001468   0x08001468   0x00000014   Code   RO         3915    i.EvrRtxThreadDestroyed  rtx_evr.o
    0x0800147c   0x0800147c   0x00000014   Code   RO         3919    i.EvrRtxThreadError  rtx_evr.o
    0x08001490   0x08001490   0x00000014   Code   RO         3920    i.EvrRtxThreadExit  rtx_evr.o
    0x080014a4   0x080014a4   0x00000020   Code   RO         3928    i.EvrRtxThreadFlagsWaitCompleted  rtx_evr.o
    0x080014c4   0x080014c4   0x00000014   Code   RO         3931    i.EvrRtxThreadFlagsWaitTimeout  rtx_evr.o
    0x080014d8   0x080014d8   0x00000014   Code   RO         3941    i.EvrRtxThreadJoined  rtx_evr.o
    0x080014ec   0x080014ec   0x00000020   Code   RO         3942    i.EvrRtxThreadNew   rtx_evr.o
    0x0800150c   0x0800150c   0x00000014   Code   RO         3943    i.EvrRtxThreadPreempted  rtx_evr.o
    0x08001520   0x08001520   0x00000014   Code   RO         3950    i.EvrRtxThreadSwitched  rtx_evr.o
    0x08001534   0x08001534   0x00000018   Code   RO         3952    i.EvrRtxThreadUnblocked  rtx_evr.o
    0x0800154c   0x0800154c   0x00000018   Code   RO         3954    i.EvrRtxTimerCallback  rtx_evr.o
    0x08001564   0x08001564   0x00000010   Code   RO         6445    i.GetContext        eventrecorder.o
    0x08001574   0x08001574   0x0000000c   Code   RO         1133    i.HAL_EnableCompensationCell  stm32f4xx_hal.o
    0x08001580   0x08001580   0x00000200   Code   RO         1568    i.HAL_GPIO_Init     stm32f4xx_hal_gpio.o
    0x08001780   0x08001780   0x0000000c   Code   RO         1137    i.HAL_GetTick       stm32f4xx_hal.o
    0x0800178c   0x0800178c   0x00000018   Code   RO         1143    i.HAL_IncTick       stm32f4xx_hal.o
    0x080017a4   0x080017a4   0x0000003c   Code   RO         1144    i.HAL_Init          stm32f4xx_hal.o
    0x080017e0   0x080017e0   0x000000d0   Code   RO         1069    i.HAL_InitTick      stm32f4xx_hal_timebase_tim.o
    0x080018b0   0x080018b0   0x00000002   Code   RO         1147    i.HAL_MspInit       stm32f4xx_hal.o
    0x080018b2   0x080018b2   0x00000020   Code   RO         1312    i.HAL_NVIC_EnableIRQ  stm32f4xx_hal_cortex.o
    0x080018d2   0x080018d2   0x0000007c   Code   RO         1318    i.HAL_NVIC_SetPriority  stm32f4xx_hal_cortex.o
    0x0800194e   0x0800194e   0x00000002   PAD
    0x08001950   0x08001950   0x00000028   Code   RO         1319    i.HAL_NVIC_SetPriorityGrouping  stm32f4xx_hal_cortex.o
    0x08001978   0x08001978   0x00000180   Code   RO         1632    i.HAL_RCC_ClockConfig  stm32f4xx_hal_rcc.o
    0x08001af8   0x08001af8   0x00000044   Code   RO         1636    i.HAL_RCC_GetClockConfig  stm32f4xx_hal_rcc.o
    0x08001b3c   0x08001b3c   0x0000000c   Code   RO         1637    i.HAL_RCC_GetHCLKFreq  stm32f4xx_hal_rcc.o
    0x08001b48   0x08001b48   0x00000020   Code   RO         1639    i.HAL_RCC_GetPCLK1Freq  stm32f4xx_hal_rcc.o
    0x08001b68   0x08001b68   0x00000020   Code   RO         1640    i.HAL_RCC_GetPCLK2Freq  stm32f4xx_hal_rcc.o
    0x08001b88   0x08001b88   0x000000b0   Code   RO         1641    i.HAL_RCC_GetSysClockFreq  stm32f4xx_hal_rcc.o
    0x08001c38   0x08001c38   0x00000448   Code   RO         1644    i.HAL_RCC_OscConfig  stm32f4xx_hal_rcc.o
    0x08002080   0x08002080   0x00000018   Code   RO         1070    i.HAL_ResumeTick    stm32f4xx_hal_timebase_tim.o
    0x08002098   0x08002098   0x00000018   Code   RO         1071    i.HAL_SuspendTick   stm32f4xx_hal_timebase_tim.o
    0x080020b0   0x080020b0   0x00000046   Code   RO         1733    i.HAL_TIM_Base_DeInit  stm32f4xx_hal_tim.o
    0x080020f6   0x080020f6   0x00000034   Code   RO         1735    i.HAL_TIM_Base_Init  stm32f4xx_hal_tim.o
    0x0800212a   0x0800212a   0x00000002   Code   RO         1736    i.HAL_TIM_Base_MspDeInit  stm32f4xx_hal_tim.o
    0x0800212c   0x0800212c   0x00000002   Code   RO         1737    i.HAL_TIM_Base_MspInit  stm32f4xx_hal_tim.o
    0x0800212e   0x0800212e   0x0000002a   Code   RO         1738    i.HAL_TIM_Base_Start  stm32f4xx_hal_tim.o
    0x08002158   0x08002158   0x0000002a   Code   RO         1740    i.HAL_TIM_Base_Start_IT  stm32f4xx_hal_tim.o
    0x08002182   0x08002182   0x00000072   Code   RO         2446    i.HAL_UART_Init     stm32f4xx_hal_uart.o
    0x080021f4   0x080021f4   0x00000002   Code   RO         2448    i.HAL_UART_MspInit  stm32f4xx_hal_uart.o
    0x080021f6   0x080021f6   0x00000002   PAD
    0x080021f8   0x080021f8   0x00000108   Code   RO         3254    i.HardFaultHandler  segger_hardfaulthandler.o
    0x08002300   0x08002300   0x000000e4   Code   RO          789    i.InitHardUart      bsp_uart_fifo.o
    0x080023e4   0x080023e4   0x00000018   Code   RO         3561    i.IsIrqMasked       rtx_delay.o
    0x080023fc   0x080023fc   0x00000018   Code   RO         4848    i.IsIrqMasked       rtx_kernel.o
    0x08002414   0x08002414   0x00000018   Code   RO         5314    i.IsIrqMasked       rtx_msgqueue.o
    0x0800242c   0x0800242c   0x00000018   Code   RO         5782    i.IsIrqMasked       rtx_thread.o
    0x08002444   0x08002444   0x00000010   Code   RO         3562    i.IsIrqMode         rtx_delay.o
    0x08002454   0x08002454   0x00000010   Code   RO         4849    i.IsIrqMode         rtx_kernel.o
    0x08002464   0x08002464   0x00000010   Code   RO         5315    i.IsIrqMode         rtx_msgqueue.o
    0x08002474   0x08002474   0x00000010   Code   RO         5783    i.IsIrqMode         rtx_thread.o
    0x08002484   0x08002484   0x00000076   Code   RO          429    i.IsKeyDownFunc     bsp_key.o
    0x080024fa   0x080024fa   0x00000002   PAD
    0x080024fc   0x080024fc   0x00000034   Code   RO          430    i.KeyPinActive      bsp_key.o
    0x08002530   0x08002530   0x0000000a   Code   RO         5101    i.MemBlockPtr       rtx_memory.o
    0x0800253a   0x0800253a   0x00000004   Code   RO          953    i.MemManage_Handler  stm32f4xx_it.o
    0x0800253e   0x0800253e   0x00000034   Code   RO         5316    i.MessageQueueGet   rtx_msgqueue.o
    0x08002572   0x08002572   0x0000004c   Code   RO         5317    i.MessageQueuePut   rtx_msgqueue.o
    0x080025be   0x080025be   0x00000022   Code   RO         5318    i.MessageQueueRemove  rtx_msgqueue.o
    0x080025e0   0x080025e0   0x00000002   Code   RO          954    i.NMI_Handler       stm32f4xx_it.o
    0x080025e2   0x080025e2   0x00000002   PAD
    0x080025e4   0x080025e4   0x00000038   Code   RO           10    i.OSStatInit        main.o
    0x0800261c   0x0800261c   0x00000008   Code   RO         6325    i.OS_Tick_AcknowledgeIRQ  os_systick.o
    0x08002624   0x08002624   0x00000030   Code   RO         6327    i.OS_Tick_Enable    os_systick.o
    0x08002654   0x08002654   0x00000006   Code   RO         6330    i.OS_Tick_GetIRQn   os_systick.o
    0x0800265a   0x0800265a   0x00000002   PAD
    0x0800265c   0x0800265c   0x00000050   Code   RO         6333    i.OS_Tick_Setup     os_systick.o
    0x080026ac   0x080026ac   0x00000048   Code   RO          790    i.RS485_InitTXE     bsp_uart_fifo.o
    0x080026f4   0x080026f4   0x00000084   Code   RO          685    i.SysTick_ISR       bsp_timer.o
    0x08002778   0x08002778   0x000000fc   Code   RO          345    i.SystemClock_Config  bsp.o
    0x08002874   0x08002874   0x00000064   Code   RO         3215    i.SystemInit        system_stm32f4xx.o
    0x080028d8   0x080028d8   0x00000018   Code   RO          346    i.System_Init       bsp.o
    0x080028f0   0x080028f0   0x000000b4   Code   RO          686    i.TIM2_IRQHandler   bsp_timer.o
    0x080029a4   0x080029a4   0x00000020   Code   RO         1072    i.TIM7_IRQHandler   stm32f4xx_hal_timebase_tim.o
    0x080029c4   0x080029c4   0x000000d8   Code   RO         1823    i.TIM_Base_SetConfig  stm32f4xx_hal_tim.o
    0x08002a9c   0x08002a9c   0x00000056   Code   RO         5784    i.ThreadFlagsCheck  rtx_thread.o
    0x08002af2   0x08002af2   0x00000002   PAD
    0x08002af4   0x08002af4   0x00000040   Code   RO         6201    i.TimerInsert       rtx_timer.o
    0x08002b34   0x08002b34   0x00000018   Code   RO         6203    i.TimerUnlink       rtx_timer.o
    0x08002b4c   0x08002b4c   0x00000368   Code   RO         2473    i.UART_SetConfig    stm32f4xx_hal_uart.o
    0x08002eb4   0x08002eb4   0x00000010   Code   RO          797    i.USART1_IRQHandler  bsp_uart_fifo.o
    0x08002ec4   0x08002ec4   0x000000f6   Code   RO          799    i.UartIRQ           bsp_uart_fifo.o
    0x08002fba   0x08002fba   0x00000002   PAD
    0x08002fbc   0x08002fbc   0x00000040   Code   RO          802    i.UartVarInit       bsp_uart_fifo.o
    0x08002ffc   0x08002ffc   0x00000004   Code   RO          955    i.UsageFault_Handler  stm32f4xx_it.o
    0x08003000   0x08003000   0x00000020   Code   RO         6718    i.__0printf$3       mc_w.l(printf3.o)
    0x08003020   0x08003020   0x00000010   Code   RO         1325    i.__NVIC_GetPriorityGrouping  stm32f4xx_hal_cortex.o
    0x08003030   0x08003030   0x00000028   Code   RO         1326    i.__NVIC_SetPriority  stm32f4xx_hal_cortex.o
    0x08003058   0x08003058   0x0000000e   Code   RO         6929    i.__scatterload_copy  mc_w.l(handlers.o)
    0x08003066   0x08003066   0x00000002   Code   RO         6930    i.__scatterload_null  mc_w.l(handlers.o)
    0x08003068   0x08003068   0x0000000e   Code   RO         6931    i.__scatterload_zeroinit  mc_w.l(handlers.o)
    0x08003076   0x08003076   0x00000002   PAD
    0x08003078   0x08003078   0x000001b8   Code   RO         6725    i._printf_core      mc_w.l(printf3.o)
    0x08003230   0x08003230   0x000000cc   Code   RO          433    i.bsp_DetectKey     bsp_key.o
    0x080032fc   0x080032fc   0x00000034   Code   RO          434    i.bsp_GetKey        bsp_key.o
    0x08003330   0x08003330   0x00000014   Code   RO          348    i.bsp_Init          bsp.o
    0x08003344   0x08003344   0x000000c4   Code   RO          691    i.bsp_InitHardTimer  bsp_timer.o
    0x08003408   0x08003408   0x0000000c   Code   RO          437    i.bsp_InitKey       bsp_key.o
    0x08003414   0x08003414   0x000000f4   Code   RO          438    i.bsp_InitKeyHard   bsp_key.o
    0x08003508   0x08003508   0x00000078   Code   RO          439    i.bsp_InitKeyVar    bsp_key.o
    0x08003580   0x08003580   0x000000cc   Code   RO          574    i.bsp_InitLed       bsp_led.o
    0x0800364c   0x0800364c   0x0000004c   Code   RO          692    i.bsp_InitTimer     bsp_timer.o
    0x08003698   0x08003698   0x00000010   Code   RO          804    i.bsp_InitUart      bsp_uart_fifo.o
    0x080036a8   0x080036a8   0x00000016   Code   RO          440    i.bsp_KeyScan10ms   bsp_key.o
    0x080036be   0x080036be   0x00000002   PAD
    0x080036c0   0x080036c0   0x00000040   Code   RO          576    i.bsp_LedOff        bsp_led.o
    0x08003700   0x08003700   0x00000054   Code   RO          578    i.bsp_LedToggle     bsp_led.o
    0x08003754   0x08003754   0x00000020   Code   RO          442    i.bsp_PutKey        bsp_key.o
    0x08003774   0x08003774   0x00000008   Code   RO          349    i.bsp_RunPer10ms    bsp.o
    0x0800377c   0x0800377c   0x00000002   Code   RO          350    i.bsp_RunPer1ms     bsp.o
    0x0800377e   0x0800377e   0x00000002   PAD
    0x08003780   0x08003780   0x00000024   Code   RO          443    i.bsp_SetKeyParam   bsp_key.o
    0x080037a4   0x080037a4   0x00000060   Code   RO          805    i.bsp_SetUartParam  bsp_uart_fifo.o
    0x08003804   0x08003804   0x0000001c   Code   RO          693    i.bsp_SoftTimerDec  bsp_timer.o
    0x08003820   0x08003820   0x00000042   Code   RO         6446    i.crc16_ccitt       eventrecorder.o
    0x08003862   0x08003862   0x00000002   PAD
    0x08003864   0x08003864   0x00000020   Code   RO         6556    i.fputc             retarget_io.o
    0x08003884   0x08003884   0x00000082   Code   RO         5319    i.isrRtxMessageQueueGet  rtx_msgqueue.o
    0x08003906   0x08003906   0x00000086   Code   RO         5320    i.isrRtxMessageQueuePut  rtx_msgqueue.o
    0x0800398c   0x0800398c   0x00000034   Code   RO         5726    i.isr_queue_get     rtx_system.o
    0x080039c0   0x080039c0   0x0000003c   Code   RO         5727    i.isr_queue_put     rtx_system.o
    0x080039fc   0x080039fc   0x00000030   Code   RO           11    i.main              main.o
    0x08003a2c   0x08003a2c   0x0000003c   Code   RO         3563    i.osDelay           rtx_delay.o
    0x08003a68   0x08003a68   0x0000003c   Code   RO         3564    i.osDelayUntil      rtx_delay.o
    0x08003aa4   0x08003aa4   0x0000002c   Code   RO         4857    i.osKernelGetTickCount  rtx_kernel.o
    0x08003ad0   0x08003ad0   0x00000038   Code   RO         4859    i.osKernelInitialize  rtx_kernel.o
    0x08003b08   0x08003b08   0x00000034   Code   RO         4863    i.osKernelStart     rtx_kernel.o
    0x08003b3c   0x08003b3c   0x00000054   Code   RO         5322    i.osMessageQueueGet  rtx_msgqueue.o
    0x08003b90   0x08003b90   0x0000004c   Code   RO         5328    i.osMessageQueueNew  rtx_msgqueue.o
    0x08003bdc   0x08003bdc   0x00000054   Code   RO         5329    i.osMessageQueuePut  rtx_msgqueue.o
    0x08003c30   0x08003c30   0x00000020   Code   RO         6399    i.osRtxErrorNotify  rtx_config.o
    0x08003c50   0x08003c50   0x00000024   Code   RO           12    i.osRtxIdleThread   main.o
    0x08003c74   0x08003c74   0x0000000c   Code   RO         5788    i.osRtxKernelGetState  rtx_thread.o
    0x08003c80   0x08003c80   0x00000002   Code   RO         4866    i.osRtxKernelPreInit  rtx_kernel.o
    0x08003c82   0x08003c82   0x000000ee   Code   RO         5102    i.osRtxMemoryAlloc  rtx_memory.o
    0x08003d70   0x08003d70   0x0000007c   Code   RO         5103    i.osRtxMemoryFree   rtx_memory.o
    0x08003dec   0x08003dec   0x0000006a   Code   RO         5104    i.osRtxMemoryInit   rtx_memory.o
    0x08003e56   0x08003e56   0x00000030   Code   RO         5164    i.osRtxMemoryPoolAlloc  rtx_mempool.o
    0x08003e86   0x08003e86   0x00000044   Code   RO         5165    i.osRtxMemoryPoolFree  rtx_mempool.o
    0x08003eca   0x08003eca   0x00000058   Code   RO         5166    i.osRtxMemoryPoolInit  rtx_mempool.o
    0x08003f22   0x08003f22   0x00000108   Code   RO         5331    i.osRtxMessageQueuePostProcess  rtx_msgqueue.o
    0x0800402a   0x0800402a   0x00000066   Code   RO         5500    i.osRtxMutexOwnerRelease  rtx_mutex.o
    0x08004090   0x08004090   0x00000050   Code   RO         5501    i.osRtxMutexOwnerRestore  rtx_mutex.o
    0x080040e0   0x080040e0   0x00000088   Code   RO         5728    i.osRtxPendSV_Handler  rtx_system.o
    0x08004168   0x08004168   0x0000003c   Code   RO         5729    i.osRtxPostProcess  rtx_system.o
    0x080041a4   0x080041a4   0x00000040   Code   RO         5789    i.osRtxThreadBlock  rtx_thread.o
    0x080041e4   0x080041e4   0x00000068   Code   RO         5790    i.osRtxThreadDelayInsert  rtx_thread.o
    0x0800424c   0x0800424c   0x0000005c   Code   RO         5791    i.osRtxThreadDelayRemove  rtx_thread.o
    0x080042a8   0x080042a8   0x00000130   Code   RO         5792    i.osRtxThreadDelayTick  rtx_thread.o
    0x080043d8   0x080043d8   0x0000006c   Code   RO         5793    i.osRtxThreadDispatch  rtx_thread.o
    0x08004444   0x08004444   0x00000064   Code   RO         5794    i.osRtxThreadFree   rtx_thread.o
    0x080044a8   0x080044a8   0x0000000c   Code   RO         5795    i.osRtxThreadGetRunning  rtx_thread.o
    0x080044b4   0x080044b4   0x0000001a   Code   RO         5796    i.osRtxThreadListGet  rtx_thread.o
    0x080044ce   0x080044ce   0x0000002c   Code   RO         5797    i.osRtxThreadListPut  rtx_thread.o
    0x080044fa   0x080044fa   0x0000001a   Code   RO         5798    i.osRtxThreadListRemove  rtx_thread.o
    0x08004514   0x08004514   0x00000010   Code   RO         5799    i.osRtxThreadListRoot  rtx_thread.o
    0x08004524   0x08004524   0x0000002a   Code   RO         5800    i.osRtxThreadListSort  rtx_thread.o
    0x0800454e   0x0800454e   0x00000034   Code   RO         5802    i.osRtxThreadPostProcess  rtx_thread.o
    0x08004582   0x08004582   0x00000002   PAD
    0x08004584   0x08004584   0x00000018   Code   RO         5803    i.osRtxThreadReadyPut  rtx_thread.o
    0x0800459c   0x0800459c   0x00000018   Code   RO         5804    i.osRtxThreadRegPtr  rtx_thread.o
    0x080045b4   0x080045b4   0x0000000c   Code   RO         5805    i.osRtxThreadSetRunning  rtx_thread.o
    0x080045c0   0x080045c0   0x0000002c   Code   RO         5806    i.osRtxThreadStackCheck  rtx_thread.o
    0x080045ec   0x080045ec   0x0000004c   Code   RO         5807    i.osRtxThreadStartup  rtx_thread.o
    0x08004638   0x08004638   0x0000001c   Code   RO         5808    i.osRtxThreadSwitch  rtx_thread.o
    0x08004654   0x08004654   0x0000004c   Code   RO         5809    i.osRtxThreadWaitEnter  rtx_thread.o
    0x080046a0   0x080046a0   0x00000036   Code   RO         5810    i.osRtxThreadWaitExit  rtx_thread.o
    0x080046d6   0x080046d6   0x00000002   PAD
    0x080046d8   0x080046d8   0x000000a0   Code   RO         5730    i.osRtxTick_Handler  rtx_system.o
    0x08004778   0x08004778   0x00000050   Code   RO         6204    i.osRtxTimerThread  rtx_timer.o
    0x080047c8   0x080047c8   0x0000005c   Code   RO         6205    i.osRtxTimerTick    rtx_timer.o
    0x08004824   0x08004824   0x00000020   Code   RO         5813    i.osThreadExit      rtx_thread.o
    0x08004844   0x08004844   0x0000004c   Code   RO         5826    i.osThreadNew       rtx_thread.o
    0x08004890   0x08004890   0x00000050   Code   RO         6557    i.stdout_putchar    retarget_io.o
    0x080048e0   0x080048e0   0x0000002c   Code   RO         3565    i.svcRtxDelay       rtx_delay.o
    0x0800490c   0x0800490c   0x00000048   Code   RO         3566    i.svcRtxDelayUntil  rtx_delay.o
    0x08004954   0x08004954   0x00000014   Code   RO         4871    i.svcRtxKernelGetTickCount  rtx_kernel.o
    0x08004968   0x08004968   0x00000224   Code   RO         4873    i.svcRtxKernelInitialize  rtx_kernel.o
    0x08004b8c   0x08004b8c   0x000000d8   Code   RO         4877    i.svcRtxKernelStart  rtx_kernel.o
    0x08004c64   0x08004c64   0x00000138   Code   RO         5333    i.svcRtxMessageQueueGet  rtx_msgqueue.o
    0x08004d9c   0x08004d9c   0x00000194   Code   RO         5339    i.svcRtxMessageQueueNew  rtx_msgqueue.o
    0x08004f30   0x08004f30   0x00000128   Code   RO         5340    i.svcRtxMessageQueuePut  rtx_msgqueue.o
    0x08005058   0x08005058   0x0000008c   Code   RO         5834    i.svcRtxThreadExit  rtx_thread.o
    0x080050e4   0x080050e4   0x00000278   Code   RO         5847    i.svcRtxThreadNew   rtx_thread.o
    0x0800535c   0x0800535c   0x000000b4   Data   RO           14    .constdata          main.o
    0x08005410   0x08005410   0x00000040   Data   RO          445    .constdata          bsp_key.o
    0x08005450   0x08005450   0x00000018   Data   RO         3216    .constdata          system_stm32f4xx.o
    0x08005468   0x08005468   0x00000064   Data   RO         5069    .constdata          rtx_lib.o
    0x080054cc   0x080054cc   0x00000018   Data   RO         6448    .constdata          eventrecorder.o
    0x080054e4   0x080054e4   0x00000061   Data   RO           15    .conststring        main.o
    0x08005545   0x08005545   0x00000003   PAD
    0x08005548   0x08005548   0x0000000b   Data   RO         4880    .conststrlit        rtx_kernel.o
    0x08005553   0x08005553   0x00000001   PAD
    0x08005554   0x08005554   0x000000a0   Data   RO         5071    .rodata             rtx_lib.o
    0x080055f4   0x080055f4   0x00000030   Data   RO         6927    Region$$Table       anon$$obj.o


    Execution Region RW_IRAM2 (Exec base: 0x10000000, Load base: 0x08005744, Size: 0x0000002c, Max: 0x00010000, ABSOLUTE)

    Exec Addr    Load Addr    Size         Type   Attr      Idx    E Section Name        Object

    0x10000000   0x08005744   0x0000002a   Data   RW           13    .CCM_RAM            main.o


    Execution Region RW_IRAM1 (Exec base: 0x20000000, Load base: 0x08005624, Size: 0x000098a8, Max: 0x00020000, ABSOLUTE, COMPRESSED[0x00000120])

    Exec Addr    Load Addr    Size         Type   Attr      Idx    E Section Name        Object

    0x20000000   COMPRESSED   0x00008040   Data   RW         5064    .bss.os             rtx_lib.o
    0x20008040   COMPRESSED   0x00000034   Data   RW         5065    .bss.os.msgqueue.cb  rtx_lib.o
    0x20008074   COMPRESSED   0x00000050   Data   RW         5066    .bss.os.msgqueue.mem  rtx_lib.o
    0x200080c4   COMPRESSED   0x00000088   Data   RW         5067    .bss.os.thread.cb   rtx_lib.o
    0x2000814c   COMPRESSED   0x00000004   PAD
    0x20008150   COMPRESSED   0x00000400   Data   RW         5068    .bss.os.thread.stack  rtx_lib.o
    0x20008550   COMPRESSED   0x00000028   Data   RW           16    .data               main.o
    0x20008578   COMPRESSED   0x0000001e   Data   RW          700    .data               bsp_timer.o
    0x20008596   COMPRESSED   0x00000002   PAD
    0x20008598   COMPRESSED   0x00000009   Data   RW         1151    .data               stm32f4xx_hal.o
    0x200085a1   COMPRESSED   0x00000003   PAD
    0x200085a4   COMPRESSED   0x00000004   Data   RW         3217    .data               system_stm32f4xx.o
    0x200085a8   COMPRESSED   0x00000004   Data   RW         3256    .data               segger_hardfaulthandler.o
    0x200085ac   COMPRESSED   0x00000001   Data   RW         6334    .data               os_systick.o
    0x200085ad   COMPRESSED   0x00000003   PAD
    0x200085b0   COMPRESSED   0x0000000c   Data   RW         6558    .data               retarget_io.o
    0x200085bc   COMPRESSED   0x00000004   Data   RW         6615    .data               mc_w.l(stdout.o)
    0x200085c0   COMPRESSED   0x000000a4   Data   RW         4881    .data.os            rtx_kernel.o
    0x20008664        -       0x000000ad   Zero   RW          444    .bss                bsp_key.o
    0x20008711   COMPRESSED   0x00000003   PAD
    0x20008714        -       0x00000030   Zero   RW          698    .bss                bsp_timer.o
    0x20008744        -       0x0000082c   Zero   RW          812    .bss                bsp_uart_fifo.o
    0x20008f70        -       0x00000040   Zero   RW         1073    .bss                stm32f4xx_hal_timebase_tim.o
    0x20008fb0        -       0x00000040   Zero   RW         3255    .bss                segger_hardfaulthandler.o
    0x20008ff0   COMPRESSED   0x00000010   PAD
    0x20009000        -       0x000004a4   Zero   RW         6447    .bss.noinit         eventrecorder.o
    0x200094a4   COMPRESSED   0x00000004   PAD
    0x200094a8        -       0x00000400   Zero   RW         1114    STACK               startup_stm32f407xx.o


==============================================================================

Image component sizes


      Code (inc. data)   RO Data    RW Data    ZI Data      Debug   Object Name

       314         32          0          0          0       3690   bsp.o
       892         42         64          0        173       7284   bsp_key.o
       352         42          0          0          0       2495   bsp_led.o
       612         94          0         30         48       4317   bsp_timer.o
       738         80          0          0       2092       7350   bsp_uart_fifo.o
      1476         86         24          0       1188      20820   eventrecorder.o
        18          0          0          0          0        340   hardfaulthandler.o
       196         12          0          0          0        656   irq_cm4f.o
       626        166        277         82          0     705688   main.o
       142         24          0          1          0       2500   os_systick.o
       112         18          0         12          0       2572   retarget_io.o
        32          6          0          0          0        607   rtx_config.o
       276         22          0          0          0      25280   rtx_delay.o
      1224        240          0          0          0      46133   rtx_evr.o
       978         44         11        164          0      21914   rtx_kernel.o
         0          0        260      34124          0       9018   rtx_lib.o
       478          0          0          0          0       4203   rtx_memory.o
       532          0          0          0          0       4027   rtx_mempool.o
      2314         34          0          0          0      23636   rtx_msgqueue.o
       182          0          0          0          0       2438   rtx_mutex.o
       796         42          0          0          0       9865   rtx_system.o
      2674        126          0          0          0      28658   rtx_thread.o
       260         30          0          0          0       3331   rtx_timer.o
       264         62          0          4         64       3555   segger_hardfaulthandler.o
        36          8        392          0       1024        956   startup_stm32f407xx.o
       110         24          0          9          0       4533   stm32f4xx_hal.o
       252         22          0          0          0      33790   stm32f4xx_hal_cortex.o
       512         46          0          0          0       1732   stm32f4xx_hal_gpio.o
      1800         94          0          0          0       6477   stm32f4xx_hal_rcc.o
       426         46          0          0          0       5276   stm32f4xx_hal_tim.o
       288         76          0          0         64       3160   stm32f4xx_hal_timebase_tim.o
       988          8          0          0          0       2515   stm32f4xx_hal_uart.o
        16          0          0          0          0       2497   stm32f4xx_it.o
       100         18         24          4          0       1491   system_stm32f4xx.o

    ----------------------------------------------------------------------
     20052       1544       1104      34444       4676    1002804   Object Totals
         0          0         48          0          0          0   (incl. Generated)
        36          0          4         14         23          0   (incl. Padding)

    ----------------------------------------------------------------------

      Code (inc. data)   RO Data    RW Data    ZI Data      Debug   Library Member Name

        58          0          0          0          0          0   __dczerorl.o
         0          0          0          0          0          0   entry.o
         0          0          0          0          0          0   entry10a.o
         0          0          0          0          0          0   entry11a.o
         8          4          0          0          0          0   entry2.o
         4          0          0          0          0          0   entry5.o
         0          0          0          0          0          0   entry7b.o
         0          0          0          0          0          0   entry8b.o
         8          4          0          0          0          0   entry9a.o
        30          0          0          0          0          0   handlers.o
        36          8          0          0          0         68   init.o
        30          0          0          0          0         68   llshl.o
        32          0          0          0          0         68   llushr.o
        36          0          0          0          0         68   memcpya.o
        36          0          0          0          0        108   memseta.o
       472         14          0          0          0        184   printf3.o
         0          0          0          4          0          0   stdout.o
        44          0          0          0          0         80   uidiv.o
        98          0          0          0          0         92   uldiv.o

    ----------------------------------------------------------------------
       896         30          0          4          0        736   Library Totals
         4          0          0          0          0          0   (incl. Padding)

    ----------------------------------------------------------------------

      Code (inc. data)   RO Data    RW Data    ZI Data      Debug   Library Name

       892         30          0          4          0        736   mc_w.l

    ----------------------------------------------------------------------
       896         30          0          4          0        736   Library Totals

    ----------------------------------------------------------------------

==============================================================================


      Code (inc. data)   RO Data    RW Data    ZI Data      Debug   

     20948       1574       1104      34448       4676     980912   Grand Totals
     20948       1574       1104        332       4676     980912   ELF Image Totals (compressed)
     20948       1574       1104        332          0          0   ROM Totals

==============================================================================

    Total RO  Size (Code + RO Data)                22052 (  21.54kB)
    Total RW  Size (RW Data + ZI Data)             39124 (  38.21kB)
    Total ROM Size (Code + RO Data + RW Data)      22384 (  21.86kB)

==============================================================================

